Component: ARM Compiler 5.06 update 7 (build 960) Tool: armlink [4d3601]

==============================================================================

Section Cross References

    startup_stm32f407xx.o(STACK) refers (Special) to heapauxi.o(.text) for __use_two_region_memory
    startup_stm32f407xx.o(HEAP) refers (Special) to heapauxi.o(.text) for __use_two_region_memory
    startup_stm32f407xx.o(RESET) refers (Special) to heapauxi.o(.text) for __use_two_region_memory
    startup_stm32f407xx.o(RESET) refers to startup_stm32f407xx.o(STACK) for __initial_sp
    startup_stm32f407xx.o(RESET) refers to startup_stm32f407xx.o(.text) for Reset_Handler
    startup_stm32f407xx.o(RESET) refers to stm32f4xx_it.o(i.NMI_Handler) for NMI_Handler
    startup_stm32f407xx.o(RESET) refers to stm32f4xx_it.o(i.HardFault_Handler) for HardFault_Handler
    startup_stm32f407xx.o(RESET) refers to stm32f4xx_it.o(i.MemManage_Handler) for MemManage_Handler
    startup_stm32f407xx.o(RESET) refers to stm32f4xx_it.o(i.BusFault_Handler) for BusFault_Handler
    startup_stm32f407xx.o(RESET) refers to stm32f4xx_it.o(i.UsageFault_Handler) for UsageFault_Handler
    startup_stm32f407xx.o(RESET) refers to stm32f4xx_it.o(i.SVC_Handler) for SVC_Handler
    startup_stm32f407xx.o(RESET) refers to stm32f4xx_it.o(i.DebugMon_Handler) for DebugMon_Handler
    startup_stm32f407xx.o(RESET) refers to stm32f4xx_it.o(i.PendSV_Handler) for PendSV_Handler
    startup_stm32f407xx.o(RESET) refers to stm32f4xx_it.o(i.SysTick_Handler) for SysTick_Handler
    startup_stm32f407xx.o(RESET) refers to stm32f4xx_it.o(i.I2C2_EV_IRQHandler) for I2C2_EV_IRQHandler
    startup_stm32f407xx.o(.text) refers (Special) to heapauxi.o(.text) for __use_two_region_memory
    startup_stm32f407xx.o(.text) refers to system_stm32f4xx.o(i.SystemInit) for SystemInit
    startup_stm32f407xx.o(.text) refers to __main.o(!!!main) for __main
    startup_stm32f407xx.o(.text) refers to startup_stm32f407xx.o(HEAP) for Heap_Mem
    startup_stm32f407xx.o(.text) refers to startup_stm32f407xx.o(STACK) for Stack_Mem
    main.o(i.SystemClock_Config) refers to rt_memclr_w.o(.text) for __aeabi_memclr4
    main.o(i.SystemClock_Config) refers to stm32f4xx_hal_rcc.o(i.HAL_RCC_OscConfig) for HAL_RCC_OscConfig
    main.o(i.SystemClock_Config) refers to stm32f4xx_hal_rcc.o(i.HAL_RCC_ClockConfig) for HAL_RCC_ClockConfig
    main.o(i.main) refers to stm32f4xx_hal.o(i.HAL_Init) for HAL_Init
    main.o(i.main) refers to scheduler.o(i.scheduler_init) for scheduler_init
    main.o(i.main) refers to oled.o(i.OLED_Init) for OLED_Init
    main.o(i.main) refers to mlx90614.o(i.MLX90614_Init) for MLX90614_Init
    main.o(i.main) refers to max30102.o(i.MAX30102_Init) for MAX30102_Init
    main.o(i.main) refers to sg90.o(i.SG90_Init) for SG90_Init
    main.o(i.main) refers to ds1302.o(i.DS1302_Init) for DS1302_Init
    main.o(i.main) refers to ds1302.o(i.DS1302_SetTime) for DS1302_SetTime
    main.o(i.main) refers to beeper.o(i.BEEPER_Init) for BEEPER_Init
    main.o(i.main) refers to delay.o(i.Delay_Init) for Delay_Init
    main.o(i.main) refers to main.o(i.SystemClock_Config) for SystemClock_Config
    main.o(i.main) refers to gpio.o(i.MX_GPIO_Init) for MX_GPIO_Init
    main.o(i.main) refers to i2c.o(i.MX_I2C2_Init) for MX_I2C2_Init
    main.o(i.main) refers to spi.o(i.MX_SPI1_Init) for MX_SPI1_Init
    main.o(i.main) refers to tim.o(i.MX_TIM3_Init) for MX_TIM3_Init
    main.o(i.main) refers to tim.o(i.MX_TIM6_Init) for MX_TIM6_Init
    main.o(i.main) refers to scheduler.o(i.scheduler_run) for scheduler_run
    main.o(i.main) refers to sg90_app.o(.bss) for Delay_sg90
    gpio.o(i.MX_GPIO_Init) refers to rt_memclr_w.o(.text) for __aeabi_memclr4
    gpio.o(i.MX_GPIO_Init) refers to stm32f4xx_hal_gpio.o(i.HAL_GPIO_WritePin) for HAL_GPIO_WritePin
    gpio.o(i.MX_GPIO_Init) refers to stm32f4xx_hal_gpio.o(i.HAL_GPIO_Init) for HAL_GPIO_Init
    i2c.o(i.HAL_I2C_MspDeInit) refers to stm32f4xx_hal_gpio.o(i.HAL_GPIO_DeInit) for HAL_GPIO_DeInit
    i2c.o(i.HAL_I2C_MspDeInit) refers to stm32f4xx_hal_cortex.o(i.HAL_NVIC_DisableIRQ) for HAL_NVIC_DisableIRQ
    i2c.o(i.HAL_I2C_MspInit) refers to rt_memclr_w.o(.text) for __aeabi_memclr4
    i2c.o(i.HAL_I2C_MspInit) refers to stm32f4xx_hal_gpio.o(i.HAL_GPIO_Init) for HAL_GPIO_Init
    i2c.o(i.HAL_I2C_MspInit) refers to stm32f4xx_hal_cortex.o(i.HAL_NVIC_SetPriority) for HAL_NVIC_SetPriority
    i2c.o(i.HAL_I2C_MspInit) refers to stm32f4xx_hal_cortex.o(i.HAL_NVIC_EnableIRQ) for HAL_NVIC_EnableIRQ
    i2c.o(i.MX_I2C2_Init) refers to stm32f4xx_hal_i2c.o(i.HAL_I2C_Init) for HAL_I2C_Init
    i2c.o(i.MX_I2C2_Init) refers to main.o(i.Error_Handler) for Error_Handler
    i2c.o(i.MX_I2C2_Init) refers to i2c.o(.bss) for .bss
    spi.o(i.HAL_SPI_MspDeInit) refers to stm32f4xx_hal_gpio.o(i.HAL_GPIO_DeInit) for HAL_GPIO_DeInit
    spi.o(i.HAL_SPI_MspInit) refers to rt_memclr_w.o(.text) for __aeabi_memclr4
[...]
    .ARM.Collect$$libinit$$00000032          0x08000202   Section        0  libinit2.o(.ARM.Collect$$libinit$$00000032)
    .ARM.Collect$$libinit$$00000033          0x08000202   Section        2  libinit2.o(.ARM.Collect$$libinit$$00000033)
    .ARM.Collect$$libshutdown$$00000000      0x08000204   Section        2  libshutdown.o(.ARM.Collect$$libshutdown$$00000000)
    .ARM.Collect$$libshutdown$$00000002      0x08000206   Section        0  libshutdown2.o(.ARM.Collect$$libshutdown$$00000002)
    .ARM.Collect$$libshutdown$$00000004      0x08000206   Section        0  libshutdown2.o(.ARM.Collect$$libshutdown$$00000004)
    .ARM.Collect$$libshutdown$$00000006      0x08000206   Section        0  libshutdown2.o(.ARM.Collect$$libshutdown$$00000006)
    .ARM.Collect$$libshutdown$$00000009      0x08000206   Section        0  libshutdown2.o(.ARM.Collect$$libshutdown$$00000009)
    .ARM.Collect$$libshutdown$$0000000C      0x08000206   Section        0  libshutdown2.o(.ARM.Collect$$libshutdown$$0000000C)
    .ARM.Collect$$libshutdown$$0000000E      0x08000206   Section        0  libshutdown2.o(.ARM.Collect$$libshutdown$$0000000E)
    .ARM.Collect$$libshutdown$$00000011      0x08000206   Section        0  libshutdown2.o(.ARM.Collect$$libshutdown$$00000011)
    .ARM.Collect$$libshutdown$$00000012      0x08000206   Section        2  libshutdown2.o(.ARM.Collect$$libshutdown$$00000012)
    .ARM.Collect$$rtentry$$00000000          0x08000208   Section        0  __rtentry.o(.ARM.Collect$$rtentry$$00000000)
    .ARM.Collect$$rtentry$$00000002          0x08000208   Section        0  __rtentry2.o(.ARM.Collect$$rtentry$$00000002)
    .ARM.Collect$$rtentry$$00000004          0x08000208   Section        6  __rtentry4.o(.ARM.Collect$$rtentry$$00000004)
    .ARM.Collect$$rtentry$$00000009          0x0800020e   Section        0  __rtentry2.o(.ARM.Collect$$rtentry$$00000009)
    .ARM.Collect$$rtentry$$0000000A          0x0800020e   Section        4  __rtentry2.o(.ARM.Collect$$rtentry$$0000000A)
    .ARM.Collect$$rtentry$$0000000C          0x08000212   Section        0  __rtentry2.o(.ARM.Collect$$rtentry$$0000000C)
    .ARM.Collect$$rtentry$$0000000D          0x08000212   Section        8  __rtentry2.o(.ARM.Collect$$rtentry$$0000000D)
    .ARM.Collect$$rtexit$$00000000           0x0800021a   Section        2  rtexit.o(.ARM.Collect$$rtexit$$00000000)
    .ARM.Collect$$rtexit$$00000002           0x0800021c   Section        0  rtexit2.o(.ARM.Collect$$rtexit$$00000002)
    .ARM.Collect$$rtexit$$00000003           0x0800021c   Section        4  rtexit2.o(.ARM.Collect$$rtexit$$00000003)
    .ARM.Collect$$rtexit$$00000004           0x08000220   Section        6  rtexit2.o(.ARM.Collect$$rtexit$$00000004)
    .text                                    0x08000228   Section       64  startup_stm32f407xx.o(.text)
    $v0                                      0x08000228   Number         0  startup_stm32f407xx.o(.text)
    .text                                    0x08000268   Section      238  lludivv7m.o(.text)
    .text                                    0x08000356   Section      100  rt_memcpy_w.o(.text)
    .text                                    0x080003ba   Section       78  rt_memclr_w.o(.text)
    .text                                    0x08000408   Section        0  heapauxi.o(.text)
    .text                                    0x0800040e   Section       74  sys_stackheap_outer.o(.text)
    .text                                    0x08000458   Section        0  exit.o(.text)
    .text                                    0x0800046c   Section        8  libspace.o(.text)
    .text                                    0x08000474   Section        0  sys_exit.o(.text)
    .text                                    0x08000480   Section        2  use_no_semi.o(.text)
    .text                                    0x08000482   Section        0  indicate_semi.o(.text)
    i.BEEPER_Init                            0x08000484   Section        0  beeper.o(i.BEEPER_Init)
    i.BEEPER_Off                             0x08000494   Section        0  beeper.o(i.BEEPER_Off)
    i.BEEPER_On                              0x080004a4   Section        0  beeper.o(i.BEEPER_On)
    i.Beeper_Proc                            0x080004b4   Section        0  beeper_app.o(i.Beeper_Proc)
    i.BusFault_Handler                       0x080004c8   Section        0  stm32f4xx_it.o(i.BusFault_Handler)
    i.DS1302_GetTime                         0x080004ca   Section        0  ds1302.o(i.DS1302_GetTime)
    i.DS1302_Init                            0x0800057c   Section        0  ds1302.o(i.DS1302_Init)
    i.DS1302_Proc                            0x080005a4   Section        0  ds1302_app.o(i.DS1302_Proc)
    i.DS1302_SetTime                         0x08000624   Section        0  ds1302.o(i.DS1302_SetTime)
    i.DebugMon_Handler                       0x080006ca   Section        0  stm32f4xx_it.o(i.DebugMon_Handler)
    i.Delay_Check                            0x080006cc   Section        0  delay.o(i.Delay_Check)
    i.Delay_Init                             0x08000700   Section        0  delay.o(i.Delay_Init)
    i.Delay_Start                            0x0800070e   Section        0  delay.o(i.Delay_Start)
    i.Error_Handler                          0x08000724   Section        0  main.o(i.Error_Handler)
    i.HAL_DMA_Abort_IT                       0x08000728   Section        0  stm32f4xx_hal_dma.o(i.HAL_DMA_Abort_IT)
    i.HAL_DMA_GetState                       0x0800074c   Section        0  stm32f4xx_hal_dma.o(i.HAL_DMA_GetState)
    i.HAL_Delay                              0x08000754   Section        0  stm32f4xx_hal.o(i.HAL_Delay)
    i.HAL_GPIO_Init                          0x08000778   Section        0  stm32f4xx_hal_gpio.o(i.HAL_GPIO_Init)
    i.HAL_GPIO_ReadPin                       0x08000968   Section        0  stm32f4xx_hal_gpio.o(i.HAL_GPIO_ReadPin)
    i.HAL_GPIO_WritePin                      0x08000972   Section        0  stm32f4xx_hal_gpio.o(i.HAL_GPIO_WritePin)
    i.HAL_GetTick                            0x0800097c   Section        0  stm32f4xx_hal.o(i.HAL_GetTick)
    i.HAL_I2C_AbortCpltCallback              0x08000988   Section        0  stm32f4xx_hal_i2c.o(i.HAL_I2C_AbortCpltCallback)
    i.HAL_I2C_AddrCallback                   0x0800098a   Section        0  stm32f4xx_hal_i2c.o(i.HAL_I2C_AddrCallback)
    i.HAL_I2C_EV_IRQHandler                  0x0800098c   Section        0  stm32f4xx_hal_i2c.o(i.HAL_I2C_EV_IRQHandler)
    i.HAL_I2C_ErrorCallback                  0x08000bbc   Section        0  stm32f4xx_hal_i2c.o(i.HAL_I2C_ErrorCallback)
    i.HAL_I2C_Init                           0x08000bc0   Section        0  stm32f4xx_hal_i2c.o(i.HAL_I2C_Init)
    i.HAL_I2C_IsDeviceReady                  0x08000d48   Section        0  stm32f4xx_hal_i2c.o(i.HAL_I2C_IsDeviceReady)
    i.HAL_I2C_ListenCpltCallback             0x08000eb4   Section        0  stm32f4xx_hal_i2c.o(i.HAL_I2C_ListenCpltCallback)
    i.HAL_I2C_MasterRxCpltCallback           0x08000eb6   Section        0  stm32f4xx_hal_i2c.o(i.HAL_I2C_MasterRxCpltCallback)
    i.HAL_I2C_MasterTxCpltCallback           0x08000eb8   Section        0  stm32f4xx_hal_i2c.o(i.HAL_I2C_MasterTxCpltCallback)
    i.HAL_I2C_Master_Transmit                0x08000ebc   Section        0  stm32f4xx_hal_i2c.o(i.HAL_I2C_Master_Transmit)
    i.HAL_I2C_MemRxCpltCallback              0x08000fe8   Section        0  stm32f4xx_hal_i2c.o(i.HAL_I2C_MemRxCpltCallback)
    i.HAL_I2C_MemTxCpltCallback              0x08000fea   Section        0  stm32f4xx_hal_i2c.o(i.HAL_I2C_MemTxCpltCallback)
    i.HAL_I2C_Mem_Read                       0x08000fec   Section        0  stm32f4xx_hal_i2c.o(i.HAL_I2C_Mem_Read)
    i.HAL_I2C_MspInit                        0x080011e4   Section        0  i2c.o(i.HAL_I2C_MspInit)
    i.HAL_I2C_SlaveRxCpltCallback            0x0800125c   Section        0  stm32f4xx_hal_i2c.o(i.HAL_I2C_SlaveRxCpltCallback)
    i.HAL_I2C_SlaveTxCpltCallback            0x0800125e   Section        0  stm32f4xx_hal_i2c.o(i.HAL_I2C_SlaveTxCpltCallback)
    i.HAL_IncTick                            0x08001260   Section        0  stm32f4xx_hal.o(i.HAL_IncTick)
    i.HAL_Init                               0x08001270   Section        0  stm32f4xx_hal.o(i.HAL_Init)
    i.HAL_InitTick                           0x080012a4   Section        0  stm32f4xx_hal.o(i.HAL_InitTick)
    i.HAL_MspInit                            0x080012e4   Section        0  stm32f4xx_hal_msp.o(i.HAL_MspInit)
    i.HAL_NVIC_EnableIRQ                     0x08001314   Section        0  stm32f4xx_hal_cortex.o(i.HAL_NVIC_EnableIRQ)
    i.HAL_NVIC_SetPriority                   0x08001330   Section        0  stm32f4xx_hal_cortex.o(i.HAL_NVIC_SetPriority)
    i.HAL_NVIC_SetPriorityGrouping           0x08001370   Section        0  stm32f4xx_hal_cortex.o(i.HAL_NVIC_SetPriorityGrouping)
    i.HAL_RCC_ClockConfig                    0x08001394   Section        0  stm32f4xx_hal_rcc.o(i.HAL_RCC_ClockConfig)
    i.HAL_RCC_GetPCLK1Freq                   0x080014c8   Section        0  stm32f4xx_hal_rcc.o(i.HAL_RCC_GetPCLK1Freq)
    i.HAL_RCC_GetSysClockFreq                0x080014e8   Section        0  stm32f4xx_hal_rcc.o(i.HAL_RCC_GetSysClockFreq)
    i.HAL_RCC_OscConfig                      0x0800154c   Section        0  stm32f4xx_hal_rcc.o(i.HAL_RCC_OscConfig)
    i.HAL_SPI_Init                           0x080018b8   Section        0  stm32f4xx_hal_spi.o(i.HAL_SPI_Init)
    i.HAL_SPI_MspInit                        0x08001974   Section        0  spi.o(i.HAL_SPI_MspInit)
    i.HAL_SPI_Transmit                       0x080019dc   Section        0  stm32f4xx_hal_spi.o(i.HAL_SPI_Transmit)
    i.HAL_SYSTICK_Config                     0x08001b42   Section        0  stm32f4xx_hal_cortex.o(i.HAL_SYSTICK_Config)
    i.HAL_TIMEx_MasterConfigSynchronization  0x08001b6c   Section        0  stm32f4xx_hal_tim_ex.o(i.HAL_TIMEx_MasterConfigSynchronization)
    i.HAL_TIM_Base_Init                      0x08001bfc   Section        0  stm32f4xx_hal_tim.o(i.HAL_TIM_Base_Init)
    i.HAL_TIM_Base_MspInit                   0x08001c58   Section        0  tim.o(i.HAL_TIM_Base_MspInit)
    i.HAL_TIM_ConfigClockSource              0x08001c98   Section        0  stm32f4xx_hal_tim.o(i.HAL_TIM_ConfigClockSource)
    i.HAL_TIM_MspPostInit                    0x08001d74   Section        0  tim.o(i.HAL_TIM_MspPostInit)
    i.HAL_TIM_PWM_ConfigChannel              0x08001dc4   Section        0  stm32f4xx_hal_tim.o(i.HAL_TIM_PWM_ConfigChannel)
    i.HAL_TIM_PWM_Init                       0x08001e90   Section        0  stm32f4xx_hal_tim.o(i.HAL_TIM_PWM_Init)
    i.HAL_TIM_PWM_MspInit                    0x08001eea   Section        0  stm32f4xx_hal_tim.o(i.HAL_TIM_PWM_MspInit)
    i.HAL_TIM_PWM_Start                      0x08001eec   Section        0  stm32f4xx_hal_tim.o(i.HAL_TIM_PWM_Start)
    i.HardFault_Handler                      0x08001fb4   Section        0  stm32f4xx_it.o(i.HardFault_Handler)
    i.I2C2_EV_IRQHandler                     0x08001fb8   Section        0  stm32f4xx_it.o(i.I2C2_EV_IRQHandler)
    i.I2C_DMAAbort                           0x08001fc4   Section        0  stm32f4xx_hal_i2c.o(i.I2C_DMAAbort)
    I2C_DMAAbort                             0x08001fc5   Thumb Code   182  stm32f4xx_hal_i2c.o(i.I2C_DMAAbort)
    i.I2C_ITError                            0x08002080   Section        0  stm32f4xx_hal_i2c.o(i.I2C_ITError)
    I2C_ITError                              0x08002081   Thumb Code   336  stm32f4xx_hal_i2c.o(i.I2C_ITError)
    i.I2C_IsAcknowledgeFailed                0x080021d8   Section        0  stm32f4xx_hal_i2c.o(i.I2C_IsAcknowledgeFailed)
    I2C_IsAcknowledgeFailed                  0x080021d9   Thumb Code    46  stm32f4xx_hal_i2c.o(i.I2C_IsAcknowledgeFailed)
    i.I2C_MasterReceive_BTF                  0x08002206   Section        0  stm32f4xx_hal_i2c.o(i.I2C_MasterReceive_BTF)
    I2C_MasterReceive_BTF                    0x08002207   Thumb Code   210  stm32f4xx_hal_i2c.o(i.I2C_MasterReceive_BTF)
    i.I2C_MasterReceive_RXNE                 0x080022d8   Section        0  stm32f4xx_hal_i2c.o(i.I2C_MasterReceive_RXNE)
    I2C_MasterReceive_RXNE                   0x080022d9   Thumb Code   228  stm32f4xx_hal_i2c.o(i.I2C_MasterReceive_RXNE)
    i.I2C_MasterRequestWrite                 0x080023c0   Section        0  stm32f4xx_hal_i2c.o(i.I2C_MasterRequestWrite)
    I2C_MasterRequestWrite                   0x080023c1   Thumb Code   150  stm32f4xx_hal_i2c.o(i.I2C_MasterRequestWrite)
    i.I2C_MasterTransmit_BTF                 0x0800245c   Section        0  stm32f4xx_hal_i2c.o(i.I2C_MasterTransmit_BTF)
    I2C_MasterTransmit_BTF                   0x0800245d   Thumb Code   130  stm32f4xx_hal_i2c.o(i.I2C_MasterTransmit_BTF)
    i.I2C_MasterTransmit_TXE                 0x080024e0   Section        0  stm32f4xx_hal_i2c.o(i.I2C_MasterTransmit_TXE)
    I2C_MasterTransmit_TXE                   0x080024e1   Thumb Code   182  stm32f4xx_hal_i2c.o(i.I2C_MasterTransmit_TXE)
    i.I2C_Master_ADDR                        0x08002598   Section        0  stm32f4xx_hal_i2c.o(i.I2C_Master_ADDR)
    I2C_Master_ADDR                          0x08002599   Thumb Code   276  stm32f4xx_hal_i2c.o(i.I2C_Master_ADDR)
    i.I2C_Master_SB                          0x080026b0   Section        0  stm32f4xx_hal_i2c.o(i.I2C_Master_SB)
    I2C_Master_SB                            0x080026b1   Thumb Code   140  stm32f4xx_hal_i2c.o(i.I2C_Master_SB)
    i.I2C_MemoryTransmit_TXE_BTF             0x0800273c   Section        0  stm32f4xx_hal_i2c.o(i.I2C_MemoryTransmit_TXE_BTF)
    I2C_MemoryTransmit_TXE_BTF               0x0800273d   Thumb Code   160  stm32f4xx_hal_i2c.o(i.I2C_MemoryTransmit_TXE_BTF)
    i.I2C_RequestMemoryRead                  0x080027dc   Section        0  stm32f4xx_hal_i2c.o(i.I2C_RequestMemoryRead)
    I2C_RequestMemoryRead                    0x080027dd   Thumb Code   246  stm32f4xx_hal_i2c.o(i.I2C_RequestMemoryRead)
    i.I2C_Slave_ADDR                         0x080028d8   Section        0  stm32f4xx_hal_i2c.o(i.I2C_Slave_ADDR)
    I2C_Slave_ADDR                           0x080028d9   Thumb Code    70  stm32f4xx_hal_i2c.o(i.I2C_Slave_ADDR)
    i.I2C_Slave_STOPF                        0x08002920   Section        0  stm32f4xx_hal_i2c.o(i.I2C_Slave_STOPF)
    I2C_Slave_STOPF                          0x08002921   Thumb Code   338  stm32f4xx_hal_i2c.o(i.I2C_Slave_STOPF)
    i.I2C_WaitOnBTFFlagUntilTimeout          0x08002a7c   Section        0  stm32f4xx_hal_i2c.o(i.I2C_WaitOnBTFFlagUntilTimeout)
    I2C_WaitOnBTFFlagUntilTimeout            0x08002a7d   Thumb Code    76  stm32f4xx_hal_i2c.o(i.I2C_WaitOnBTFFlagUntilTimeout)
    i.I2C_WaitOnFlagUntilTimeout             0x08002ac8   Section        0  stm32f4xx_hal_i2c.o(i.I2C_WaitOnFlagUntilTimeout)
    I2C_WaitOnFlagUntilTimeout               0x08002ac9   Thumb Code   104  stm32f4xx_hal_i2c.o(i.I2C_WaitOnFlagUntilTimeout)
    i.I2C_WaitOnMasterAddressFlagUntilTimeout 0x08002b30   Section        0  stm32f4xx_hal_i2c.o(i.I2C_WaitOnMasterAddressFlagUntilTimeout)
    I2C_WaitOnMasterAddressFlagUntilTimeout  0x08002b31   Thumb Code   150  stm32f4xx_hal_i2c.o(i.I2C_WaitOnMasterAddressFlagUntilTimeout)
    i.I2C_WaitOnRXNEFlagUntilTimeout         0x08002bc6   Section        0  stm32f4xx_hal_i2c.o(i.I2C_WaitOnRXNEFlagUntilTimeout)
    I2C_WaitOnRXNEFlagUntilTimeout           0x08002bc7   Thumb Code   102  stm32f4xx_hal_i2c.o(i.I2C_WaitOnRXNEFlagUntilTimeout)
    i.I2C_WaitOnTXEFlagUntilTimeout          0x08002c2c   Section        0  stm32f4xx_hal_i2c.o(i.I2C_WaitOnTXEFlagUntilTimeout)
    I2C_WaitOnTXEFlagUntilTimeout            0x08002c2d   Thumb Code    76  stm32f4xx_hal_i2c.o(i.I2C_WaitOnTXEFlagUntilTimeout)
    i.Key_GetState                           0x08002c78   Section        0  key.o(i.Key_GetState)
    i.Key_Proc                               0x08002c90   Section        0  key_app.o(i.Key_Proc)
    i.MAX30102_DataReady                     0x08002d94   Section        0  max30102.o(i.MAX30102_DataReady)
    i.MAX30102_Init                          0x08002da2   Section        0  max30102.o(i.MAX30102_Init)
    i.MAX30102_Proc                          0x08002dfc   Section        0  max30102_app.o(i.MAX30102_Proc)
    i.MAX30102_ReadFIFO                      0x08002e40   Section        0  max30102.o(i.MAX30102_ReadFIFO)
    i.MLX90614_GetTemp                       0x08002ea4   Section        0  mlx90614.o(i.MLX90614_GetTemp)
    i.MLX90614_Init                          0x08002ee8   Section        0  mlx90614.o(i.MLX90614_Init)
    i.MLX90614_Proc                          0x08002f0c   Section        0  mlx90614_app.o(i.MLX90614_Proc)
    i.MX_GPIO_Init                           0x08002f40   Section        0  gpio.o(i.MX_GPIO_Init)
    i.MX_I2C2_Init                           0x0800300c   Section        0  i2c.o(i.MX_I2C2_Init)
    i.MX_SPI1_Init                           0x0800304c   Section        0  spi.o(i.MX_SPI1_Init)
    i.MX_TIM3_Init                           0x08003090   Section        0  tim.o(i.MX_TIM3_Init)
    i.MX_TIM6_Init                           0x08003130   Section        0  tim.o(i.MX_TIM6_Init)
    i.MemManage_Handler                      0x08003174   Section        0  stm32f4xx_it.o(i.MemManage_Handler)
    i.NMI_Handler                            0x08003176   Section        0  stm32f4xx_it.o(i.NMI_Handler)
    i.OLED_Clear                             0x08003178   Section        0  oled.o(i.OLED_Clear)
    i.OLED_Init                              0x080031a0   Section        0  oled.o(i.OLED_Init)
    i.OLED_Pow                               0x0800325c   Section        0  oled.o(i.OLED_Pow)
    i.OLED_Proc                              0x0800326c   Section        0  oled_app.o(i.OLED_Proc)
    i.OLED_SPI_SendByte                      0x0800345c   Section        0  oled.o(i.OLED_SPI_SendByte)
    OLED_SPI_SendByte                        0x0800345d   Thumb Code    40  oled.o(i.OLED_SPI_SendByte)
    i.OLED_SetCursor                         0x0800348c   Section        0  oled.o(i.OLED_SetCursor)
    i.OLED_ShowChar                          0x080034b0   Section        0  oled.o(i.OLED_ShowChar)
    i.OLED_ShowNum                           0x08003518   Section        0  oled.o(i.OLED_ShowNum)
    i.OLED_ShowString                        0x0800355a   Section        0  oled.o(i.OLED_ShowString)
    i.OLED_WriteCommand                      0x0800357c   Section        0  oled.o(i.OLED_WriteCommand)
    i.OLED_WriteData                         0x08003598   Section        0  oled.o(i.OLED_WriteData)
    i.PendSV_Handler                         0x080035b4   Section        0  stm32f4xx_it.o(i.PendSV_Handler)
    i.SG90_Init                              0x080035b8   Section        0  sg90.o(i.SG90_Init)
    i.SG90_Proc                              0x080035d0   Section        0  sg90_app.o(i.SG90_Proc)
    i.SG90_SetAngle                          0x08003640   Section        0  sg90.o(i.SG90_SetAngle)
    i.SPI_EndRxTxTransaction                 0x08003668   Section        0  stm32f4xx_hal_spi.o(i.SPI_EndRxTxTransaction)
    SPI_EndRxTxTransaction                   0x08003669   Thumb Code    80  stm32f4xx_hal_spi.o(i.SPI_EndRxTxTransaction)
    i.SPI_WaitFlagStateUntilTimeout          0x080036c0   Section        0  stm32f4xx_hal_spi.o(i.SPI_WaitFlagStateUntilTimeout)
    SPI_WaitFlagStateUntilTimeout            0x080036c1   Thumb Code   180  stm32f4xx_hal_spi.o(i.SPI_WaitFlagStateUntilTimeout)
    i.SVC_Handler                            0x08003778   Section        0  stm32f4xx_it.o(i.SVC_Handler)
    i.SysTick_Handler                        0x0800377a   Section        0  stm32f4xx_it.o(i.SysTick_Handler)
    i.SystemClock_Config                     0x08003780   Section        0  main.o(i.SystemClock_Config)
    i.SystemInit                             0x080037fc   Section        0  system_stm32f4xx.o(i.SystemInit)
    i.TIM_Base_SetConfig                     0x0800380c   Section        0  stm32f4xx_hal_tim.o(i.TIM_Base_SetConfig)
    i.TIM_CCxChannelCmd                      0x080038d4   Section        0  stm32f4xx_hal_tim.o(i.TIM_CCxChannelCmd)
    i.TIM_ETR_SetConfig                      0x080038ee   Section        0  stm32f4xx_hal_tim.o(i.TIM_ETR_SetConfig)
    i.TIM_ITRx_SetConfig                     0x08003902   Section        0  stm32f4xx_hal_tim.o(i.TIM_ITRx_SetConfig)
    TIM_ITRx_SetConfig                       0x08003903   Thumb Code    16  stm32f4xx_hal_tim.o(i.TIM_ITRx_SetConfig)
    i.TIM_OC1_SetConfig                      0x08003914   Section        0  stm32f4xx_hal_tim.o(i.TIM_OC1_SetConfig)
    TIM_OC1_SetConfig                        0x08003915   Thumb Code    88  stm32f4xx_hal_tim.o(i.TIM_OC1_SetConfig)
    i.TIM_OC2_SetConfig                      0x08003974   Section        0  stm32f4xx_hal_tim.o(i.TIM_OC2_SetConfig)
    i.TIM_OC3_SetConfig                      0x080039e0   Section        0  stm32f4xx_hal_tim.o(i.TIM_OC3_SetConfig)
    TIM_OC3_SetConfig                        0x080039e1   Thumb Code    96  stm32f4xx_hal_tim.o(i.TIM_OC3_SetConfig)
    i.TIM_OC4_SetConfig                      0x08003a48   Section        0  stm32f4xx_hal_tim.o(i.TIM_OC4_SetConfig)
    TIM_OC4_SetConfig                        0x08003a49   Thumb Code    70  stm32f4xx_hal_tim.o(i.TIM_OC4_SetConfig)
    i.TIM_TI1_ConfigInputStage               0x08003a98   Section        0  stm32f4xx_hal_tim.o(i.TIM_TI1_ConfigInputStage)
    TIM_TI1_ConfigInputStage                 0x08003a99   Thumb Code    34  stm32f4xx_hal_tim.o(i.TIM_TI1_ConfigInputStage)
    i.TIM_TI2_ConfigInputStage               0x08003aba   Section        0  stm32f4xx_hal_tim.o(i.TIM_TI2_ConfigInputStage)
    TIM_TI2_ConfigInputStage                 0x08003abb   Thumb Code    36  stm32f4xx_hal_tim.o(i.TIM_TI2_ConfigInputStage)
    i.UsageFault_Handler                     0x08003ade   Section        0  stm32f4xx_it.o(i.UsageFault_Handler)
    i.__NVIC_SetPriority                     0x08003ae0   Section        0  stm32f4xx_hal_cortex.o(i.__NVIC_SetPriority)
    __NVIC_SetPriority                       0x08003ae1   Thumb Code    32  stm32f4xx_hal_cortex.o(i.__NVIC_SetPriority)
    i.delay_us                               0x08003b00   Section        0  ds1302.o(i.delay_us)
    delay_us                                 0x08003b01   Thumb Code    16  ds1302.o(i.delay_us)
    i.ds1302_read_reg                        0x08003b10   Section        0  ds1302.o(i.ds1302_read_reg)
    ds1302_read_reg                          0x08003b11   Thumb Code   114  ds1302.o(i.ds1302_read_reg)
    i.ds1302_write_byte                      0x08003b8c   Section        0  ds1302.o(i.ds1302_write_byte)
    ds1302_write_byte                        0x08003b8d   Thumb Code    86  ds1302.o(i.ds1302_write_byte)
    i.ds1302_write_reg                       0x08003bec   Section        0  ds1302.o(i.ds1302_write_reg)
    ds1302_write_reg                         0x08003bed   Thumb Code    44  ds1302.o(i.ds1302_write_reg)
    i.main                                   0x08003c1c   Section        0  main.o(i.main)
    i.max_read_reg                           0x08003c7c   Section        0  max30102.o(i.max_read_reg)
    max_read_reg                             0x08003c7d   Thumb Code    38  max30102.o(i.max_read_reg)
    i.max_write_reg                          0x08003ca8   Section        0  max30102.o(i.max_write_reg)
    max_write_reg                            0x08003ca9   Thumb Code    30  max30102.o(i.max_write_reg)
    i.scheduler_init                         0x08003ccc   Section        0  scheduler.o(i.scheduler_init)
    i.scheduler_run                          0x08003cd8   Section        0  scheduler.o(i.scheduler_run)
    x$fpl$fpinit                             0x08003d18   Section       10  fpinit.o(x$fpl$fpinit)
    $v0                                      0x08003d18   Number         0  fpinit.o(x$fpl$fpinit)
    .constdata                               0x08003d22   Section       16  system_stm32f4xx.o(.constdata)
    .constdata                               0x08003d32   Section        8  system_stm32f4xx.o(.constdata)
    .constdata                               0x08003d3c   Section       40  ds1302.o(.constdata)
    .constdata                               0x08003d64   Section     1520  oled_font.o(.constdata)
    .data                                    0x20000000   Section       12  stm32f4xx_hal.o(.data)
    .data                                    0x2000000c   Section        4  system_stm32f4xx.o(.data)
    .data                                    0x20000010   Section        1  beeper_app.o(.data)
    .data                                    0x20000014   Section       16  ds1302_app.o(.data)
    alarm_triggered                          0x20000014   Data           1  ds1302_app.o(.data)
    tick                                     0x20000020   Data           4  ds1302_app.o(.data)
    .data                                    0x20000024   Section       10  key_app.o(.data)
    raw                                      0x20000024   Data           1  key_app.o(.data)
    prev                                     0x20000025   Data           1  key_app.o(.data)
    ret                                      0x20000026   Data           1  key_app.o(.data)
    k                                        0x20000028   Data           6  key_app.o(.data)
    .data                                    0x20000030   Section       12  max30102_app.o(.data)
    tick                                     0x20000038   Data           4  max30102_app.o(.data)
    .data                                    0x2000003c   Section       12  mlx90614_app.o(.data)
    tick                                     0x20000044   Data           4  mlx90614_app.o(.data)
    .data                                    0x20000048   Section       88  scheduler.o(.data)
    scheduler_task                           0x2000004c   Data          84  scheduler.o(.data)
    .data                                    0x200000a0   Section       12  sg90_app.o(.data)
    init_flag                                0x200000a2   Data           1  sg90_app.o(.data)
    tick                                     0x200000a8   Data           4  sg90_app.o(.data)
    .bss                                     0x200000ac   Section       84  i2c.o(.bss)
    .bss                                     0x20000100   Section       88  spi.o(.bss)
    .bss                                     0x20000158   Section      144  tim.o(.bss)
    .bss                                     0x200001e8   Section       12  ds1302_app.o(.bss)
    alarm_delay                              0x200001e8   Data          12  ds1302_app.o(.bss)
    .bss                                     0x200001f4   Section       12  sg90_app.o(.bss)
    .bss                                     0x20000200   Section       96  libspace.o(.bss)
    HEAP                                     0x20000260   Section      512  startup_stm32f407xx.o(HEAP)
    Heap_Mem                                 0x20000260   Data         512  startup_stm32f407xx.o(HEAP)
    STACK                                    0x20000460   Section     1024  startup_stm32f407xx.o(STACK)
    Stack_Mem                                0x20000460   Data        1024  startup_stm32f407xx.o(STACK)
    __initial_sp                             0x20000860   Data           0  startup_stm32f407xx.o(STACK)

    Global Symbols

    Symbol Name                              Value     Ov Type        Size  Object(Section)

    BuildAttributes$$THM_ISAv4$E$P$D$K$B$S$7EM$VFPi3$EXTD16$VFPS$VFMA$PE$A:L22UL41UL21$X:L11$S22US41US21$IEEE1$IW$USESV6$~STKCKD$USESV7$~SHL$OSPACE$ROPI$EBA8$UX$STANDARDLIB$REQ8$PRES8$EABIv2 0x00000000   Number         0  anon$$obj.o ABSOLUTE
    __ARM_use_no_argv                        0x00000000   Number         0  main.o ABSOLUTE
    __ARM_exceptions_init                     - Undefined Weak Reference
    __alloca_initialize                       - Undefined Weak Reference
    __arm_fini_                               - Undefined Weak Reference
    __arm_preinit_                            - Undefined Weak Reference
    __cpp_initialize__aeabi_                  - Undefined Weak Reference
    __cxa_finalize                            - Undefined Weak Reference
    __rt_locale                               - Undefined Weak Reference
    __sigvec_lookup                           - Undefined Weak Reference
    _atexit_init                              - Undefined Weak Reference
    _call_atexit_fns                          - Undefined Weak Reference
    _clock_init                               - Undefined Weak Reference
    _fp_trap_init                             - Undefined Weak Reference
    _fp_trap_shutdown                         - Undefined Weak Reference
    _get_lc_collate                           - Undefined Weak Reference
    _get_lc_ctype                             - Undefined Weak Reference
    _get_lc_monetary                          - Undefined Weak Reference
    _get_lc_numeric                           - Undefined Weak Reference
    _get_lc_time                              - Undefined Weak Reference
    _getenv_init                              - Undefined Weak Reference
    _handle_redirection                       - Undefined Weak Reference
    _init_alloc                               - Undefined Weak Reference
    _init_user_alloc                          - Undefined Weak Reference
    _initio                                   - Undefined Weak Reference
    _rand_init                                - Undefined Weak Reference
    _signal_finish                            - Undefined Weak Reference
    _signal_init                              - Undefined Weak Reference
    _terminate_alloc                          - Undefined Weak Reference
    _terminate_user_alloc                     - Undefined Weak Reference
    _terminateio                              - Undefined Weak Reference
    __Vectors_Size                           0x00000188   Number         0  startup_stm32f407xx.o ABSOLUTE
    __Vectors                                0x08000000   Data           4  startup_stm32f407xx.o(RESET)
    __Vectors_End                            0x08000188   Data           0  startup_stm32f407xx.o(RESET)
    __main                                   0x08000189   Thumb Code     8  __main.o(!!!main)
    __scatterload                            0x08000191   Thumb Code     0  __scatter.o(!!!scatter)
    __scatterload_rt2                        0x08000191   Thumb Code    44  __scatter.o(!!!scatter)
    __scatterload_rt2_thumb_only             0x08000191   Thumb Code     0  __scatter.o(!!!scatter)
    __scatterload_null                       0x0800019f   Thumb Code     0  __scatter.o(!!!scatter)
    __scatterload_copy                       0x080001c5   Thumb Code    26  __scatter_copy.o(!!handler_copy)
    __scatterload_zeroinit                   0x080001e1   Thumb Code    28  __scatter_zi.o(!!handler_zi)
    __rt_lib_init                            0x080001fd   Thumb Code     0  libinit.o(.ARM.Collect$$libinit$$00000000)
    __rt_lib_init_fp_1                       0x080001ff   Thumb Code     0  libinit2.o(.ARM.Collect$$libinit$$00000001)
    __rt_lib_init_alloca_1                   0x08000203   Thumb Code     0  libinit2.o(.ARM.Collect$$libinit$$0000002E)
    __rt_lib_init_argv_1                     0x08000203   Thumb Code     0  libinit2.o(.ARM.Collect$$libinit$$0000002C)
    __rt_lib_init_atexit_1                   0x08000203   Thumb Code     0  libinit2.o(.ARM.Collect$$libinit$$0000001B)
    __rt_lib_init_clock_1                    0x08000203   Thumb Code     0  libinit2.o(.ARM.Collect$$libinit$$00000021)
    __rt_lib_init_cpp_1                      0x08000203   Thumb Code     0  libinit2.o(.ARM.Collect$$libinit$$00000032)
    __rt_lib_init_exceptions_1               0x08000203   Thumb Code     0  libinit2.o(.ARM.Collect$$libinit$$00000030)
    __rt_lib_init_fp_trap_1                  0x08000203   Thumb Code     0  libinit2.o(.ARM.Collect$$libinit$$0000001F)
    __rt_lib_init_getenv_1                   0x08000203   Thumb Code     0  libinit2.o(.ARM.Collect$$libinit$$00000023)
    __rt_lib_init_heap_1                     0x08000203   Thumb Code     0  libinit2.o(.ARM.Collect$$libinit$$0000000A)
    __rt_lib_init_lc_collate_1               0x08000203   Thumb Code     0  libinit2.o(.ARM.Collect$$libinit$$00000011)
    __rt_lib_init_lc_ctype_1                 0x08000203   Thumb Code     0  libinit2.o(.ARM.Collect$$libinit$$00000013)
    __rt_lib_init_lc_monetary_1              0x08000203   Thumb Code     0  libinit2.o(.ARM.Collect$$libinit$$00000015)
    __rt_lib_init_lc_numeric_1               0x08000203   Thumb Code     0  libinit2.o(.ARM.Collect$$libinit$$00000017)
    __rt_lib_init_lc_time_1                  0x08000203   Thumb Code     0  libinit2.o(.ARM.Collect$$libinit$$00000019)
    __rt_lib_init_preinit_1                  0x08000203   Thumb Code     0  libinit2.o(.ARM.Collect$$libinit$$00000004)
    __rt_lib_init_rand_1                     0x08000203   Thumb Code     0  libinit2.o(.ARM.Collect$$libinit$$0000000E)
    __rt_lib_init_return                     0x08000203   Thumb Code     0  libinit2.o(.ARM.Collect$$libinit$$00000033)
    __rt_lib_init_signal_1                   0x08000203   Thumb Code     0  libinit2.o(.ARM.Collect$$libinit$$0000001D)
    __rt_lib_init_stdio_1                    0x08000203   Thumb Code     0  libinit2.o(.ARM.Collect$$libinit$$00000025)
    __rt_lib_init_user_alloc_1               0x08000203   Thumb Code     0  libinit2.o(.ARM.Collect$$libinit$$0000000C)
    __rt_lib_shutdown                        0x08000205   Thumb Code     0  libshutdown.o(.ARM.Collect$$libshutdown$$00000000)
    __rt_lib_shutdown_cpp_1                  0x08000207   Thumb Code     0  libshutdown2.o(.ARM.Collect$$libshutdown$$00000004)
    __rt_lib_shutdown_fini_1                 0x08000207   Thumb Code     0  libshutdown2.o(.ARM.Collect$$libshutdown$$00000002)
    __rt_lib_shutdown_fp_trap_1              0x08000207   Thumb Code     0  libshutdown2.o(.ARM.Collect$$libshutdown$$00000009)
    __rt_lib_shutdown_heap_1                 0x08000207   Thumb Code     0  libshutdown2.o(.ARM.Collect$$libshutdown$$00000011)
    __rt_lib_shutdown_return                 0x08000207   Thumb Code     0  libshutdown2.o(.ARM.Collect$$libshutdown$$00000012)
    __rt_lib_shutdown_signal_1               0x08000207   Thumb Code     0  libshutdown2.o(.ARM.Collect$$libshutdown$$0000000C)
    __rt_lib_shutdown_stdio_1                0x08000207   Thumb Code     0  libshutdown2.o(.ARM.Collect$$libshutdown$$00000006)
    __rt_lib_shutdown_user_alloc_1           0x08000207   Thumb Code     0  libshutdown2.o(.ARM.Collect$$libshutdown$$0000000E)
    __rt_entry                               0x08000209   Thumb Code     0  __rtentry.o(.ARM.Collect$$rtentry$$00000000)
    __rt_entry_presh_1                       0x08000209   Thumb Code     0  __rtentry2.o(.ARM.Collect$$rtentry$$00000002)
    __rt_entry_sh                            0x08000209   Thumb Code     0  __rtentry4.o(.ARM.Collect$$rtentry$$00000004)
    __rt_entry_li                            0x0800020f   Thumb Code     0  __rtentry2.o(.ARM.Collect$$rtentry$$0000000A)
    __rt_entry_postsh_1                      0x0800020f   Thumb Code     0  __rtentry2.o(.ARM.Collect$$rtentry$$00000009)
    __rt_entry_main                          0x08000213   Thumb Code     0  __rtentry2.o(.ARM.Collect$$rtentry$$0000000D)
    __rt_entry_postli_1                      0x08000213   Thumb Code     0  __rtentry2.o(.ARM.Collect$$rtentry$$0000000C)
    __rt_exit                                0x0800021b   Thumb Code     0  rtexit.o(.ARM.Collect$$rtexit$$00000000)
    __rt_exit_ls                             0x0800021d   Thumb Code     0  rtexit2.o(.ARM.Collect$$rtexit$$00000003)
    __rt_exit_prels_1                        0x0800021d   Thumb Code     0  rtexit2.o(.ARM.Collect$$rtexit$$00000002)
    __rt_exit_exit                           0x08000221   Thumb Code     0  rtexit2.o(.ARM.Collect$$rtexit$$00000004)
    Reset_Handler                            0x08000229   Thumb Code     8  startup_stm32f407xx.o(.text)
    ADC_IRQHandler                           0x08000243   Thumb Code     0  startup_stm32f407xx.o(.text)
    CAN1_RX0_IRQHandler                      0x08000243   Thumb Code     0  startup_stm32f407xx.o(.text)
    CAN1_RX1_IRQHandler                      0x08000243   Thumb Code     0  startup_stm32f407xx.o(.text)
    CAN1_SCE_IRQHandler                      0x08000243   Thumb Code     0  startup_stm32f407xx.o(.text)
    CAN1_TX_IRQHandler                       0x08000243   Thumb Code     0  startup_stm32f407xx.o(.text)
    CAN2_RX0_IRQHandler                      0x08000243   Thumb Code     0  startup_stm32f407xx.o(.text)
    CAN2_RX1_IRQHandler                      0x08000243   Thumb Code     0  startup_stm32f407xx.o(.text)
    CAN2_SCE_IRQHandler                      0x08000243   Thumb Code     0  startup_stm32f407xx.o(.text)
    CAN2_TX_IRQHandler                       0x08000243   Thumb Code     0  startup_stm32f407xx.o(.text)
    DCMI_IRQHandler                          0x08000243   Thumb Code     0  startup_stm32f407xx.o(.text)
    DMA1_Stream0_IRQHandler                  0x08000243   Thumb Code     0  startup_stm32f407xx.o(.text)
    DMA1_Stream1_IRQHandler                  0x08000243   Thumb Code     0  startup_stm32f407xx.o(.text)
    DMA1_Stream2_IRQHandler                  0x08000243   Thumb Code     0  startup_stm32f407xx.o(.text)
    DMA1_Stream3_IRQHandler                  0x08000243   Thumb Code     0  startup_stm32f407xx.o(.text)
    DMA1_Stream4_IRQHandler                  0x08000243   Thumb Code     0  startup_stm32f407xx.o(.text)
    DMA1_Stream5_IRQHandler                  0x08000243   Thumb Code     0  startup_stm32f407xx.o(.text)
    DMA1_Stream6_IRQHandler                  0x08000243   Thumb Code     0  startup_stm32f407xx.o(.text)
    DMA1_Stream7_IRQHandler                  0x08000243   Thumb Code     0  startup_stm32f407xx.o(.text)
    DMA2_Stream0_IRQHandler                  0x08000243   Thumb Code     0  startup_stm32f407xx.o(.text)
    DMA2_Stream1_IRQHandler                  0x08000243   Thumb Code     0  startup_stm32f407xx.o(.text)
    DMA2_Stream2_IRQHandler                  0x08000243   Thumb Code     0  startup_stm32f407xx.o(.text)
    DMA2_Stream3_IRQHandler                  0x08000243   Thumb Code     0  startup_stm32f407xx.o(.text)
    DMA2_Stream4_IRQHandler                  0x08000243   Thumb Code     0  startup_stm32f407xx.o(.text)
    DMA2_Stream5_IRQHandler                  0x08000243   Thumb Code     0  startup_stm32f407xx.o(.text)
    DMA2_Stream6_IRQHandler                  0x08000243   Thumb Code     0  startup_stm32f407xx.o(.text)
    DMA2_Stream7_IRQHandler                  0x08000243   Thumb Code     0  startup_stm32f407xx.o(.text)
    ETH_IRQHandler                           0x08000243   Thumb Code     0  startup_stm32f407xx.o(.text)
    ETH_WKUP_IRQHandler                      0x08000243   Thumb Code     0  startup_stm32f407xx.o(.text)
    EXTI0_IRQHandler                         0x08000243   Thumb Code     0  startup_stm32f407xx.o(.text)
    EXTI15_10_IRQHandler                     0x08000243   Thumb Code     0  startup_stm32f407xx.o(.text)
    EXTI1_IRQHandler                         0x08000243   Thumb Code     0  startup_stm32f407xx.o(.text)
    EXTI2_IRQHandler                         0x08000243   Thumb Code     0  startup_stm32f407xx.o(.text)
    EXTI3_IRQHandler                         0x08000243   Thumb Code     0  startup_stm32f407xx.o(.text)
    EXTI4_IRQHandler                         0x08000243   Thumb Code     0  startup_stm32f407xx.o(.text)
    EXTI9_5_IRQHandler                       0x08000243   Thumb Code     0  startup_stm32f407xx.o(.text)
    FLASH_IRQHandler                         0x08000243   Thumb Code     0  startup_stm32f407xx.o(.text)
    FMC_IRQHandler                           0x08000243   Thumb Code     0  startup_stm32f407xx.o(.text)
    FPU_IRQHandler                           0x08000243   Thumb Code     0  startup_stm32f407xx.o(.text)
    HASH_RNG_IRQHandler                      0x08000243   Thumb Code     0  startup_stm32f407xx.o(.text)
    I2C1_ER_IRQHandler                       0x08000243   Thumb Code     0  startup_stm32f407xx.o(.text)
    I2C1_EV_IRQHandler                       0x08000243   Thumb Code     0  startup_stm32f407xx.o(.text)
    I2C2_ER_IRQHandler                       0x08000243   Thumb Code     0  startup_stm32f407xx.o(.text)
    I2C3_ER_IRQHandler                       0x08000243   Thumb Code     0  startup_stm32f407xx.o(.text)
    I2C3_EV_IRQHandler                       0x08000243   Thumb Code     0  startup_stm32f407xx.o(.text)
    OTG_FS_IRQHandler                        0x08000243   Thumb Code     0  startup_stm32f407xx.o(.text)
    OTG_FS_WKUP_IRQHandler                   0x08000243   Thumb Code     0  startup_stm32f407xx.o(.text)
    OTG_HS_EP1_IN_IRQHandler                 0x08000243   Thumb Code     0  startup_stm32f407xx.o(.text)
    OTG_HS_EP1_OUT_IRQHandler                0x08000243   Thumb Code     0  startup_stm32f407xx.o(.text)
    OTG_HS_IRQHandler                        0x08000243   Thumb Code     0  startup_stm32f407xx.o(.text)
    OTG_HS_WKUP_IRQHandler                   0x08000243   Thumb Code     0  startup_stm32f407xx.o(.text)
    PVD_IRQHandler                           0x08000243   Thumb Code     0  startup_stm32f407xx.o(.text)
    RCC_IRQHandler                           0x08000243   Thumb Code     0  startup_stm32f407xx.o(.text)
    RTC_Alarm_IRQHandler                     0x08000243   Thumb Code     0  startup_stm32f407xx.o(.text)
    RTC_WKUP_IRQHandler                      0x08000243   Thumb Code     0  startup_stm32f407xx.o(.text)
    SDIO_IRQHandler                          0x08000243   Thumb Code     0  startup_stm32f407xx.o(.text)
    SPI1_IRQHandler                          0x08000243   Thumb Code     0  startup_stm32f407xx.o(.text)
    SPI2_IRQHandler                          0x08000243   Thumb Code     0  startup_stm32f407xx.o(.text)
    SPI3_IRQHandler                          0x08000243   Thumb Code     0  startup_stm32f407xx.o(.text)
    TAMP_STAMP_IRQHandler                    0x08000243   Thumb Code     0  startup_stm32f407xx.o(.text)
    TIM1_BRK_TIM9_IRQHandler                 0x08000243   Thumb Code     0  startup_stm32f407xx.o(.text)
    TIM1_CC_IRQHandler                       0x08000243   Thumb Code     0  startup_stm32f407xx.o(.text)
    TIM1_TRG_COM_TIM11_IRQHandler            0x08000243   Thumb Code     0  startup_stm32f407xx.o(.text)
    TIM1_UP_TIM10_IRQHandler                 0x08000243   Thumb Code     0  startup_stm32f407xx.o(.text)
    TIM2_IRQHandler                          0x08000243   Thumb Code     0  startup_stm32f407xx.o(.text)
    TIM3_IRQHandler                          0x08000243   Thumb Code     0  startup_stm32f407xx.o(.text)
    TIM4_IRQHandler                          0x08000243   Thumb Code     0  startup_stm32f407xx.o(.text)
    TIM5_IRQHandler                          0x08000243   Thumb Code     0  startup_stm32f407xx.o(.text)
    TIM6_DAC_IRQHandler                      0x08000243   Thumb Code     0  startup_stm32f407xx.o(.text)
    TIM7_IRQHandler                          0x08000243   Thumb Code     0  startup_stm32f407xx.o(.text)
    TIM8_BRK_TIM12_IRQHandler                0x08000243   Thumb Code     0  startup_stm32f407xx.o(.text)
    TIM8_CC_IRQHandler                       0x08000243   Thumb Code     0  startup_stm32f407xx.o(.text)
    TIM8_TRG_COM_TIM14_IRQHandler            0x08000243   Thumb Code     0  startup_stm32f407xx.o(.text)
    TIM8_UP_TIM13_IRQHandler                 0x08000243   Thumb Code     0  startup_stm32f407xx.o(.text)
    UART4_IRQHandler                         0x08000243   Thumb Code     0  startup_stm32f407xx.o(.text)
    UART5_IRQHandler                         0x08000243   Thumb Code     0  startup_stm32f407xx.o(.text)
    USART1_IRQHandler                        0x08000243   Thumb Code     0  startup_stm32f407xx.o(.text)
    USART2_IRQHandler                        0x08000243   Thumb Code     0  startup_stm32f407xx.o(.text)
    USART3_IRQHandler                        0x08000243   Thumb Code     0  startup_stm32f407xx.o(.text)
    USART6_IRQHandler                        0x08000243   Thumb Code     0  startup_stm32f407xx.o(.text)
    WWDG_IRQHandler                          0x08000243   Thumb Code     0  startup_stm32f407xx.o(.text)
    __user_initial_stackheap                 0x08000245   Thumb Code     0  startup_stm32f407xx.o(.text)
    __aeabi_uldivmod                         0x08000269   Thumb Code     0  lludivv7m.o(.text)
    _ll_udiv                                 0x08000269   Thumb Code   238  lludivv7m.o(.text)
    __aeabi_memcpy4                          0x08000357   Thumb Code     0  rt_memcpy_w.o(.text)
    __aeabi_memcpy8                          0x08000357   Thumb Code     0  rt_memcpy_w.o(.text)
    __rt_memcpy_w                            0x08000357   Thumb Code   100  rt_memcpy_w.o(.text)
    _memcpy_lastbytes_aligned                0x0800039f   Thumb Code     0  rt_memcpy_w.o(.text)
    __aeabi_memclr4                          0x080003bb   Thumb Code     0  rt_memclr_w.o(.text)
    __aeabi_memclr8                          0x080003bb   Thumb Code     0  rt_memclr_w.o(.text)
    __rt_memclr_w                            0x080003bb   Thumb Code    78  rt_memclr_w.o(.text)
    _memset_w                                0x080003bf   Thumb Code     0  rt_memclr_w.o(.text)
    __use_two_region_memory                  0x08000409   Thumb Code     2  heapauxi.o(.text)
    __rt_heap_escrow$2region                 0x0800040b   Thumb Code     2  heapauxi.o(.text)
    __rt_heap_expand$2region                 0x0800040d   Thumb Code     2  heapauxi.o(.text)
    __user_setup_stackheap                   0x0800040f   Thumb Code    74  sys_stackheap_outer.o(.text)
    exit                                     0x08000459   Thumb Code    18  exit.o(.text)
    __user_libspace                          0x0800046d   Thumb Code     8  libspace.o(.text)
    __user_perproc_libspace                  0x0800046d   Thumb Code     0  libspace.o(.text)
    __user_perthread_libspace                0x0800046d   Thumb Code     0  libspace.o(.text)
    _sys_exit                                0x08000475   Thumb Code     8  sys_exit.o(.text)
    __I$use$semihosting                      0x08000481   Thumb Code     0  use_no_semi.o(.text)
    __use_no_semihosting_swi                 0x08000481   Thumb Code     2  use_no_semi.o(.text)
    __semihosting_library_function           0x08000483   Thumb Code     0  indicate_semi.o(.text)
    BEEPER_Init                              0x08000485   Thumb Code    10  beeper.o(i.BEEPER_Init)
    BEEPER_Off                               0x08000495   Thumb Code    10  beeper.o(i.BEEPER_Off)
    BEEPER_On                                0x080004a5   Thumb Code    12  beeper.o(i.BEEPER_On)
    Beeper_Proc                              0x080004b5   Thumb Code    14  beeper_app.o(i.Beeper_Proc)
    BusFault_Handler                         0x080004c9   Thumb Code     2  stm32f4xx_it.o(i.BusFault_Handler)
    DS1302_GetTime                           0x080004cb   Thumb Code   178  ds1302.o(i.DS1302_GetTime)
    DS1302_Init                              0x0800057d   Thumb Code    36  ds1302.o(i.DS1302_Init)
    DS1302_Proc                              0x080005a5   Thumb Code   110  ds1302_app.o(i.DS1302_Proc)
    DS1302_SetTime                           0x08000625   Thumb Code   166  ds1302.o(i.DS1302_SetTime)
    DebugMon_Handler                         0x080006cb   Thumb Code     2  stm32f4xx_it.o(i.DebugMon_Handler)
    Delay_Check                              0x080006cd   Thumb Code    52  delay.o(i.Delay_Check)
    Delay_Init                               0x08000701   Thumb Code    14  delay.o(i.Delay_Init)
    Delay_Start                              0x0800070f   Thumb Code    22  delay.o(i.Delay_Start)
    Error_Handler                            0x08000725   Thumb Code     4  main.o(i.Error_Handler)
    HAL_DMA_Abort_IT                         0x08000729   Thumb Code    36  stm32f4xx_hal_dma.o(i.HAL_DMA_Abort_IT)
    HAL_DMA_GetState                         0x0800074d   Thumb Code     6  stm32f4xx_hal_dma.o(i.HAL_DMA_GetState)
    HAL_Delay                                0x08000755   Thumb Code    32  stm32f4xx_hal.o(i.HAL_Delay)
    HAL_GPIO_Init                            0x08000779   Thumb Code   450  stm32f4xx_hal_gpio.o(i.HAL_GPIO_Init)
    HAL_GPIO_ReadPin                         0x08000969   Thumb Code    10  stm32f4xx_hal_gpio.o(i.HAL_GPIO_ReadPin)
    HAL_GPIO_WritePin                        0x08000973   Thumb Code    10  stm32f4xx_hal_gpio.o(i.HAL_GPIO_WritePin)
    HAL_GetTick                              0x0800097d   Thumb Code     6  stm32f4xx_hal.o(i.HAL_GetTick)
    HAL_I2C_AbortCpltCallback                0x08000989   Thumb Code     2  stm32f4xx_hal_i2c.o(i.HAL_I2C_AbortCpltCallback)
    HAL_I2C_AddrCallback                     0x0800098b   Thumb Code     2  stm32f4xx_hal_i2c.o(i.HAL_I2C_AddrCallback)
    HAL_I2C_EV_IRQHandler                    0x0800098d   Thumb Code   560  stm32f4xx_hal_i2c.o(i.HAL_I2C_EV_IRQHandler)
    HAL_I2C_ErrorCallback                    0x08000bbd   Thumb Code     2  stm32f4xx_hal_i2c.o(i.HAL_I2C_ErrorCallback)
    HAL_I2C_Init                             0x08000bc1   Thumb Code   376  stm32f4xx_hal_i2c.o(i.HAL_I2C_Init)
    HAL_I2C_IsDeviceReady                    0x08000d49   Thumb Code   354  stm32f4xx_hal_i2c.o(i.HAL_I2C_IsDeviceReady)
    HAL_I2C_ListenCpltCallback               0x08000eb5   Thumb Code     2  stm32f4xx_hal_i2c.o(i.HAL_I2C_ListenCpltCallback)
    HAL_I2C_MasterRxCpltCallback             0x08000eb7   Thumb Code     2  stm32f4xx_hal_i2c.o(i.HAL_I2C_MasterRxCpltCallback)
    HAL_I2C_MasterTxCpltCallback             0x08000eb9   Thumb Code     2  stm32f4xx_hal_i2c.o(i.HAL_I2C_MasterTxCpltCallback)
    HAL_I2C_Master_Transmit                  0x08000ebd   Thumb Code   290  stm32f4xx_hal_i2c.o(i.HAL_I2C_Master_Transmit)
    HAL_I2C_MemRxCpltCallback                0x08000fe9   Thumb Code     2  stm32f4xx_hal_i2c.o(i.HAL_I2C_MemRxCpltCallback)
    HAL_I2C_MemTxCpltCallback                0x08000feb   Thumb Code     2  stm32f4xx_hal_i2c.o(i.HAL_I2C_MemTxCpltCallback)
    HAL_I2C_Mem_Read                         0x08000fed   Thumb Code   490  stm32f4xx_hal_i2c.o(i.HAL_I2C_Mem_Read)
    HAL_I2C_MspInit                          0x080011e5   Thumb Code   106  i2c.o(i.HAL_I2C_MspInit)
    HAL_I2C_SlaveRxCpltCallback              0x0800125d   Thumb Code     2  stm32f4xx_hal_i2c.o(i.HAL_I2C_SlaveRxCpltCallback)
    HAL_I2C_SlaveTxCpltCallback              0x0800125f   Thumb Code     2  stm32f4xx_hal_i2c.o(i.HAL_I2C_SlaveTxCpltCallback)
    HAL_IncTick                              0x08001261   Thumb Code    12  stm32f4xx_hal.o(i.HAL_IncTick)
    HAL_Init                                 0x08001271   Thumb Code    48  stm32f4xx_hal.o(i.HAL_Init)
    HAL_InitTick                             0x080012a5   Thumb Code    54  stm32f4xx_hal.o(i.HAL_InitTick)
    HAL_MspInit                              0x080012e5   Thumb Code    42  stm32f4xx_hal_msp.o(i.HAL_MspInit)
    HAL_NVIC_EnableIRQ                       0x08001315   Thumb Code    26  stm32f4xx_hal_cortex.o(i.HAL_NVIC_EnableIRQ)
    HAL_NVIC_SetPriority                     0x08001331   Thumb Code    60  stm32f4xx_hal_cortex.o(i.HAL_NVIC_SetPriority)
    HAL_NVIC_SetPriorityGrouping             0x08001371   Thumb Code    26  stm32f4xx_hal_cortex.o(i.HAL_NVIC_SetPriorityGrouping)
    HAL_RCC_ClockConfig                      0x08001395   Thumb Code   288  stm32f4xx_hal_rcc.o(i.HAL_RCC_ClockConfig)
    HAL_RCC_GetPCLK1Freq                     0x080014c9   Thumb Code    20  stm32f4xx_hal_rcc.o(i.HAL_RCC_GetPCLK1Freq)
    HAL_RCC_GetSysClockFreq                  0x080014e9   Thumb Code    88  stm32f4xx_hal_rcc.o(i.HAL_RCC_GetSysClockFreq)
    HAL_RCC_OscConfig                        0x0800154d   Thumb Code   856  stm32f4xx_hal_rcc.o(i.HAL_RCC_OscConfig)
    HAL_SPI_Init                             0x080018b9   Thumb Code   188  stm32f4xx_hal_spi.o(i.HAL_SPI_Init)
    HAL_SPI_MspInit                          0x08001975   Thumb Code    92  spi.o(i.HAL_SPI_MspInit)
    HAL_SPI_Transmit                         0x080019dd   Thumb Code   358  stm32f4xx_hal_spi.o(i.HAL_SPI_Transmit)
    HAL_SYSTICK_Config                       0x08001b43   Thumb Code    40  stm32f4xx_hal_cortex.o(i.HAL_SYSTICK_Config)
    HAL_TIMEx_MasterConfigSynchronization    0x08001b6d   Thumb Code   116  stm32f4xx_hal_tim_ex.o(i.HAL_TIMEx_MasterConfigSynchronization)
    HAL_TIM_Base_Init                        0x08001bfd   Thumb Code    90  stm32f4xx_hal_tim.o(i.HAL_TIM_Base_Init)
    HAL_TIM_Base_MspInit                     0x08001c59   Thumb Code    52  tim.o(i.HAL_TIM_Base_MspInit)
    HAL_TIM_ConfigClockSource                0x08001c99   Thumb Code   220  stm32f4xx_hal_tim.o(i.HAL_TIM_ConfigClockSource)
    HAL_TIM_MspPostInit                      0x08001d75   Thumb Code    68  tim.o(i.HAL_TIM_MspPostInit)
    HAL_TIM_PWM_ConfigChannel                0x08001dc5   Thumb Code   204  stm32f4xx_hal_tim.o(i.HAL_TIM_PWM_ConfigChannel)
    HAL_TIM_PWM_Init                         0x08001e91   Thumb Code    90  stm32f4xx_hal_tim.o(i.HAL_TIM_PWM_Init)
    HAL_TIM_PWM_MspInit                      0x08001eeb   Thumb Code     2  stm32f4xx_hal_tim.o(i.HAL_TIM_PWM_MspInit)
    HAL_TIM_PWM_Start                        0x08001eed   Thumb Code   172  stm32f4xx_hal_tim.o(i.HAL_TIM_PWM_Start)
    HardFault_Handler                        0x08001fb5   Thumb Code     2  stm32f4xx_it.o(i.HardFault_Handler)
    I2C2_EV_IRQHandler                       0x08001fb9   Thumb Code     6  stm32f4xx_it.o(i.I2C2_EV_IRQHandler)
    Key_GetState                             0x08002c79   Thumb Code    18  key.o(i.Key_GetState)
    Key_Proc                                 0x08002c91   Thumb Code   252  key_app.o(i.Key_Proc)
    MAX30102_DataReady                       0x08002d95   Thumb Code    14  max30102.o(i.MAX30102_DataReady)
    MAX30102_Init                            0x08002da3   Thumb Code    90  max30102.o(i.MAX30102_Init)
    MAX30102_Proc                            0x08002dfd   Thumb Code    58  max30102_app.o(i.MAX30102_Proc)
    MAX30102_ReadFIFO                        0x08002e41   Thumb Code    94  max30102.o(i.MAX30102_ReadFIFO)
    MLX90614_GetTemp                         0x08002ea5   Thumb Code    54  mlx90614.o(i.MLX90614_GetTemp)
    MLX90614_Init                            0x08002ee9   Thumb Code    30  mlx90614.o(i.MLX90614_Init)
    MLX90614_Proc                            0x08002f0d   Thumb Code    44  mlx90614_app.o(i.MLX90614_Proc)
    MX_GPIO_Init                             0x08002f41   Thumb Code   186  gpio.o(i.MX_GPIO_Init)
    MX_I2C2_Init                             0x0800300d   Thumb Code    50  i2c.o(i.MX_I2C2_Init)
    MX_SPI1_Init                             0x0800304d   Thumb Code    60  spi.o(i.MX_SPI1_Init)
    MX_TIM3_Init                             0x08003091   Thumb Code   152  tim.o(i.MX_TIM3_Init)
    MX_TIM6_Init                             0x08003131   Thumb Code    60  tim.o(i.MX_TIM6_Init)
    MemManage_Handler                        0x08003175   Thumb Code     2  stm32f4xx_it.o(i.MemManage_Handler)
    NMI_Handler                              0x08003177   Thumb Code     2  stm32f4xx_it.o(i.NMI_Handler)
    OLED_Clear                               0x08003179   Thumb Code    38  oled.o(i.OLED_Clear)
    OLED_Init                                0x080031a1   Thumb Code   182  oled.o(i.OLED_Init)
    OLED_Pow                                 0x0800325d   Thumb Code    14  oled.o(i.OLED_Pow)
    OLED_Proc                                0x0800326d   Thumb Code   424  oled_app.o(i.OLED_Proc)
    OLED_SetCursor                           0x0800348d   Thumb Code    34  oled.o(i.OLED_SetCursor)
    OLED_ShowChar                            0x080034b1   Thumb Code    98  oled.o(i.OLED_ShowChar)
    OLED_ShowNum                             0x08003519   Thumb Code    66  oled.o(i.OLED_ShowNum)
    OLED_ShowString                          0x0800355b   Thumb Code    32  oled.o(i.OLED_ShowString)
    OLED_WriteCommand                        0x0800357d   Thumb Code    24  oled.o(i.OLED_WriteCommand)
    OLED_WriteData                           0x08003599   Thumb Code    24  oled.o(i.OLED_WriteData)
    PendSV_Handler                           0x080035b5   Thumb Code     2  stm32f4xx_it.o(i.PendSV_Handler)
    SG90_Init                                0x080035b9   Thumb Code    20  sg90.o(i.SG90_Init)
    SG90_Proc                                0x080035d1   Thumb Code   102  sg90_app.o(i.SG90_Proc)
    SG90_SetAngle                            0x08003641   Thumb Code    34  sg90.o(i.SG90_SetAngle)
    SVC_Handler                              0x08003779   Thumb Code     2  stm32f4xx_it.o(i.SVC_Handler)
    SysTick_Handler                          0x0800377b   Thumb Code     4  stm32f4xx_it.o(i.SysTick_Handler)
    SystemClock_Config                       0x08003781   Thumb Code   116  main.o(i.SystemClock_Config)
    SystemInit                               0x080037fd   Thumb Code    12  system_stm32f4xx.o(i.SystemInit)
    TIM_Base_SetConfig                       0x0800380d   Thumb Code   156  stm32f4xx_hal_tim.o(i.TIM_Base_SetConfig)
    TIM_CCxChannelCmd                        0x080038d5   Thumb Code    26  stm32f4xx_hal_tim.o(i.TIM_CCxChannelCmd)
    TIM_ETR_SetConfig                        0x080038ef   Thumb Code    20  stm32f4xx_hal_tim.o(i.TIM_ETR_SetConfig)
    TIM_OC2_SetConfig                        0x08003975   Thumb Code    98  stm32f4xx_hal_tim.o(i.TIM_OC2_SetConfig)
    UsageFault_Handler                       0x08003adf   Thumb Code     2  stm32f4xx_it.o(i.UsageFault_Handler)
    main                                     0x08003c1d   Thumb Code    90  main.o(i.main)
    scheduler_init                           0x08003ccd   Thumb Code     8  scheduler.o(i.scheduler_init)
    scheduler_run                            0x08003cd9   Thumb Code    56  scheduler.o(i.scheduler_run)
    _fp_init                                 0x08003d19   Thumb Code    10  fpinit.o(x$fpl$fpinit)
    __fplib_config_fpu_vfp                   0x08003d21   Thumb Code     0  fpinit.o(x$fpl$fpinit)
    __fplib_config_pureend_doubles           0x08003d21   Thumb Code     0  fpinit.o(x$fpl$fpinit)
    AHBPrescTable                            0x08003d22   Data          16  system_stm32f4xx.o(.constdata)
    APBPrescTable                            0x08003d32   Data           8  system_stm32f4xx.o(.constdata)
    OLED_F8x16                               0x08003d64   Data        1520  oled_font.o(.constdata)
    Region$$Table$$Base                      0x08004354   Number         0  anon$$obj.o(Region$$Table)
    Region$$Table$$Limit                     0x08004374   Number         0  anon$$obj.o(Region$$Table)
    uwTickFreq                               0x20000000   Data           1  stm32f4xx_hal.o(.data)
    uwTickPrio                               0x20000004   Data           4  stm32f4xx_hal.o(.data)
    uwTick                                   0x20000008   Data           4  stm32f4xx_hal.o(.data)
    SystemCoreClock                          0x2000000c   Data           4  system_stm32f4xx.o(.data)
    beeper_state                             0x20000010   Data           1  beeper_app.o(.data)
    g_year                                   0x20000015   Data           1  ds1302_app.o(.data)
    g_mon                                    0x20000016   Data           1  ds1302_app.o(.data)
    g_date                                   0x20000017   Data           1  ds1302_app.o(.data)
    g_hour                                   0x20000018   Data           1  ds1302_app.o(.data)
    g_min                                    0x20000019   Data           1  ds1302_app.o(.data)
    g_sec                                    0x2000001a   Data           1  ds1302_app.o(.data)
    g_alarm                                  0x2000001b   Data           3  ds1302_app.o(.data)
    max_red                                  0x20000030   Data           4  max30102_app.o(.data)
    max_ir                                   0x20000034   Data           4  max30102_app.o(.data)
    ambient_temp                             0x2000003c   Data           4  mlx90614_app.o(.data)
    object_temp                              0x20000040   Data           4  mlx90614_app.o(.data)
    task_num                                 0x20000048   Data           1  scheduler.o(.data)
    sg90_state                               0x200000a0   Data           1  sg90_app.o(.data)
    sg90_angle                               0x200000a1   Data           1  sg90_app.o(.data)
    sg90_last_change                         0x200000a4   Data           4  sg90_app.o(.data)
    hi2c2                                    0x200000ac   Data          84  i2c.o(.bss)
    hspi1                                    0x20000100   Data          88  spi.o(.bss)
    htim3                                    0x20000158   Data          72  tim.o(.bss)
    htim6                                    0x200001a0   Data          72  tim.o(.bss)
    Delay_sg90                               0x200001f4   Data          12  sg90_app.o(.bss)
    __libspace_start                         0x20000200   Data          96  libspace.o(.bss)
    __temporary_stack_top$libspace           0x20000260   Data           0  libspace.o(.bss)



==============================================================================

Memory Map of the image

  Image Entry point : 0x08000189

  Load Region LR_IROM1 (Base: 0x08000000, Size: 0x00004420, Max: 0x00100000, ABSOLUTE)

    Execution Region ER_IROM1 (Exec base: 0x08000000, Load base: 0x08000000, Size: 0x00004374, Max: 0x00100000, ABSOLUTE)

    Exec Addr    Load Addr    Size         Type   Attr      Idx    E Section Name        Object

    0x08000000   0x08000000   0x00000188   Data   RO            3    RESET               startup_stm32f407xx.o
    0x08000188   0x08000188   0x00000008   Code   RO         4072  * !!!main             c_w.l(__main.o)
    0x08000190   0x08000190   0x00000034   Code   RO         4241    !!!scatter          c_w.l(__scatter.o)
    0x080001c4   0x080001c4   0x0000001a   Code   RO         4243    !!handler_copy      c_w.l(__scatter_copy.o)
    0x080001de   0x080001de   0x00000002   PAD
    0x080001e0   0x080001e0   0x0000001c   Code   RO         4245    !!handler_zi        c_w.l(__scatter_zi.o)
    0x080001fc   0x080001fc   0x00000002   Code   RO         4109    .ARM.Collect$$libinit$$00000000  c_w.l(libinit.o)
    0x080001fe   0x080001fe   0x00000004   Code   RO         4121    .ARM.Collect$$libinit$$00000001  c_w.l(libinit2.o)
    0x08000202   0x08000202   0x00000000   Code   RO         4124    .ARM.Collect$$libinit$$00000004  c_w.l(libinit2.o)
    0x08000202   0x08000202   0x00000000   Code   RO         4127    .ARM.Collect$$libinit$$0000000A  c_w.l(libinit2.o)
    0x08000202   0x08000202   0x00000000   Code   RO         4129    .ARM.Collect$$libinit$$0000000C  c_w.l(libinit2.o)
    0x08000202   0x08000202   0x00000000   Code   RO         4131    .ARM.Collect$$libinit$$0000000E  c_w.l(libinit2.o)
    0x08000202   0x08000202   0x00000000   Code   RO         4134    .ARM.Collect$$libinit$$00000011  c_w.l(libinit2.o)
    0x08000202   0x08000202   0x00000000   Code   RO         4136    .ARM.Collect$$libinit$$00000013  c_w.l(libinit2.o)
    0x08000202   0x08000202   0x00000000   Code   RO         4138    .ARM.Collect$$libinit$$00000015  c_w.l(libinit2.o)
    0x08000202   0x08000202   0x00000000   Code   RO         4140    .ARM.Collect$$libinit$$00000017  c_w.l(libinit2.o)
    0x08000202   0x08000202   0x00000000   Code   RO         4142    .ARM.Collect$$libinit$$00000019  c_w.l(libinit2.o)
    0x08000202   0x08000202   0x00000000   Code   RO         4144    .ARM.Collect$$libinit$$0000001B  c_w.l(libinit2.o)
    0x08000202   0x08000202   0x00000000   Code   RO         4146    .ARM.Collect$$libinit$$0000001D  c_w.l(libinit2.o)
    0x08000202   0x08000202   0x00000000   Code   RO         4148    .ARM.Collect$$libinit$$0000001F  c_w.l(libinit2.o)
    0x08000202   0x08000202   0x00000000   Code   RO         4150    .ARM.Collect$$libinit$$00000021  c_w.l(libinit2.o)
    0x08000202   0x08000202   0x00000000   Code   RO         4152    .ARM.Collect$$libinit$$00000023  c_w.l(libinit2.o)
    0x08000202   0x08000202   0x00000000   Code   RO         4154    .ARM.Collect$$libinit$$00000025  c_w.l(libinit2.o)
    0x08000202   0x08000202   0x00000000   Code   RO         4158    .ARM.Collect$$libinit$$0000002C  c_w.l(libinit2.o)
    0x08000202   0x08000202   0x00000000   Code   RO         4160    .ARM.Collect$$libinit$$0000002E  c_w.l(libinit2.o)
    0x08000202   0x08000202   0x00000000   Code   RO         4162    .ARM.Collect$$libinit$$00000030  c_w.l(libinit2.o)
    0x08000202   0x08000202   0x00000000   Code   RO         4164    .ARM.Collect$$libinit$$00000032  c_w.l(libinit2.o)
    0x08000202   0x08000202   0x00000002   Code   RO         4165    .ARM.Collect$$libinit$$00000033  c_w.l(libinit2.o)
    0x08000204   0x08000204   0x00000002   Code   RO         4196    .ARM.Collect$$libshutdown$$00000000  c_w.l(libshutdown.o)
    0x08000206   0x08000206   0x00000000   Code   RO         4222    .ARM.Collect$$libshutdown$$00000002  c_w.l(libshutdown2.o)
    0x08000206   0x08000206   0x00000000   Code   RO         4224    .ARM.Collect$$libshutdown$$00000004  c_w.l(libshutdown2.o)
    0x08000206   0x08000206   0x00000000   Code   RO         4226    .ARM.Collect$$libshutdown$$00000006  c_w.l(libshutdown2.o)
    0x08000206   0x08000206   0x00000000   Code   RO         4229    .ARM.Collect$$libshutdown$$00000009  c_w.l(libshutdown2.o)
    0x08000206   0x08000206   0x00000000   Code   RO         4232    .ARM.Collect$$libshutdown$$0000000C  c_w.l(libshutdown2.o)
    0x08000206   0x08000206   0x00000000   Code   RO         4234    .ARM.Collect$$libshutdown$$0000000E  c_w.l(libshutdown2.o)
    0x08000206   0x08000206   0x00000000   Code   RO         4237    .ARM.Collect$$libshutdown$$00000011  c_w.l(libshutdown2.o)
    0x08000206   0x08000206   0x00000002   Code   RO         4238    .ARM.Collect$$libshutdown$$00000012  c_w.l(libshutdown2.o)
    0x08000208   0x08000208   0x00000000   Code   RO         4074    .ARM.Collect$$rtentry$$00000000  c_w.l(__rtentry.o)
    0x08000208   0x08000208   0x00000000   Code   RO         4080    .ARM.Collect$$rtentry$$00000002  c_w.l(__rtentry2.o)
    0x08000208   0x08000208   0x00000006   Code   RO         4092    .ARM.Collect$$rtentry$$00000004  c_w.l(__rtentry4.o)
    0x0800020e   0x0800020e   0x00000000   Code   RO         4082    .ARM.Collect$$rtentry$$00000009  c_w.l(__rtentry2.o)
    0x0800020e   0x0800020e   0x00000004   Code   RO         4083    .ARM.Collect$$rtentry$$0000000A  c_w.l(__rtentry2.o)
    0x08000212   0x08000212   0x00000000   Code   RO         4085    .ARM.Collect$$rtentry$$0000000C  c_w.l(__rtentry2.o)
    0x08000212   0x08000212   0x00000008   Code   RO         4086    .ARM.Collect$$rtentry$$0000000D  c_w.l(__rtentry2.o)
    0x0800021a   0x0800021a   0x00000002   Code   RO         4113    .ARM.Collect$$rtexit$$00000000  c_w.l(rtexit.o)
    0x0800021c   0x0800021c   0x00000000   Code   RO         4169    .ARM.Collect$$rtexit$$00000002  c_w.l(rtexit2.o)
    0x0800021c   0x0800021c   0x00000004   Code   RO         4170    .ARM.Collect$$rtexit$$00000003  c_w.l(rtexit2.o)
    0x08000220   0x08000220   0x00000006   Code   RO         4171    .ARM.Collect$$rtexit$$00000004  c_w.l(rtexit2.o)
    0x08000226   0x08000226   0x00000002   PAD
    0x08000228   0x08000228   0x00000040   Code   RO            4    .text               startup_stm32f407xx.o
    0x08000268   0x08000268   0x000000ee   Code   RO         4064    .text               c_w.l(lludivv7m.o)
    0x08000356   0x08000356   0x00000064   Code   RO         4066    .text               c_w.l(rt_memcpy_w.o)
    0x080003ba   0x080003ba   0x0000004e   Code   RO         4068    .text               c_w.l(rt_memclr_w.o)
    0x08000408   0x08000408   0x00000006   Code   RO         4070    .text               c_w.l(heapauxi.o)
    0x0800040e   0x0800040e   0x0000004a   Code   RO         4096    .text               c_w.l(sys_stackheap_outer.o)
    0x08000458   0x08000458   0x00000012   Code   RO         4098    .text               c_w.l(exit.o)
    0x0800046a   0x0800046a   0x00000002   PAD
    0x0800046c   0x0800046c   0x00000008   Code   RO         4110    .text               c_w.l(libspace.o)
    0x08000474   0x08000474   0x0000000c   Code   RO         4166    .text               c_w.l(sys_exit.o)
    0x08000480   0x08000480   0x00000002   Code   RO         4185    .text               c_w.l(use_no_semi.o)
    0x08000482   0x08000482   0x00000000   Code   RO         4187    .text               c_w.l(indicate_semi.o)
    0x08000482   0x08000482   0x00000002   PAD
    0x08000484   0x08000484   0x00000010   Code   RO         3424    i.BEEPER_Init       beeper.o
    0x08000494   0x08000494   0x00000010   Code   RO         3425    i.BEEPER_Off        beeper.o
    0x080004a4   0x080004a4   0x00000010   Code   RO         3426    i.BEEPER_On         beeper.o
    0x080004b4   0x080004b4   0x00000014   Code   RO         3484    i.Beeper_Proc       beeper_app.o
    0x080004c8   0x080004c8   0x00000002   Code   RO          403    i.BusFault_Handler  stm32f4xx_it.o
    0x080004ca   0x080004ca   0x000000b2   Code   RO         3563    i.DS1302_GetTime    ds1302.o
    0x0800057c   0x0800057c   0x00000028   Code   RO         3564    i.DS1302_Init       ds1302.o
    0x080005a4   0x080005a4   0x00000080   Code   RO         3620    i.DS1302_Proc       ds1302_app.o
    0x08000624   0x08000624   0x000000a6   Code   RO         3565    i.DS1302_SetTime    ds1302.o
    0x080006ca   0x080006ca   0x00000002   Code   RO          404    i.DebugMon_Handler  stm32f4xx_it.o
    0x080006cc   0x080006cc   0x00000034   Code   RO         3515    i.Delay_Check       delay.o
    0x08000700   0x08000700   0x0000000e   Code   RO         3516    i.Delay_Init        delay.o
    0x0800070e   0x0800070e   0x00000016   Code   RO         3518    i.Delay_Start       delay.o
    0x08000724   0x08000724   0x00000004   Code   RO           13    i.Error_Handler     main.o
    0x08000728   0x08000728   0x00000024   Code   RO         1422    i.HAL_DMA_Abort_IT  stm32f4xx_hal_dma.o
    0x0800074c   0x0800074c   0x00000006   Code   RO         1425    i.HAL_DMA_GetState  stm32f4xx_hal_dma.o
    0x08000752   0x08000752   0x00000002   PAD
    0x08000754   0x08000754   0x00000024   Code   RO         1840    i.HAL_Delay         stm32f4xx_hal.o
    0x08000778   0x08000778   0x000001f0   Code   RO         1314    i.HAL_GPIO_Init     stm32f4xx_hal_gpio.o
    0x08000968   0x08000968   0x0000000a   Code   RO         1316    i.HAL_GPIO_ReadPin  stm32f4xx_hal_gpio.o
    0x08000972   0x08000972   0x0000000a   Code   RO         1318    i.HAL_GPIO_WritePin  stm32f4xx_hal_gpio.o
    0x0800097c   0x0800097c   0x0000000c   Code   RO         1846    i.HAL_GetTick       stm32f4xx_hal.o
    0x08000988   0x08000988   0x00000002   Code   RO          509    i.HAL_I2C_AbortCpltCallback  stm32f4xx_hal_i2c.o
    0x0800098a   0x0800098a   0x00000002   Code   RO          510    i.HAL_I2C_AddrCallback  stm32f4xx_hal_i2c.o
    0x0800098c   0x0800098c   0x00000230   Code   RO          514    i.HAL_I2C_EV_IRQHandler  stm32f4xx_hal_i2c.o
    0x08000bbc   0x08000bbc   0x00000002   Code   RO          516    i.HAL_I2C_ErrorCallback  stm32f4xx_hal_i2c.o
    0x08000bbe   0x08000bbe   0x00000002   PAD
    0x08000bc0   0x08000bc0   0x00000188   Code   RO          520    i.HAL_I2C_Init      stm32f4xx_hal_i2c.o
    0x08000d48   0x08000d48   0x0000016c   Code   RO          521    i.HAL_I2C_IsDeviceReady  stm32f4xx_hal_i2c.o
    0x08000eb4   0x08000eb4   0x00000002   Code   RO          522    i.HAL_I2C_ListenCpltCallback  stm32f4xx_hal_i2c.o
    0x08000eb6   0x08000eb6   0x00000002   Code   RO          523    i.HAL_I2C_MasterRxCpltCallback  stm32f4xx_hal_i2c.o
    0x08000eb8   0x08000eb8   0x00000002   Code   RO          524    i.HAL_I2C_MasterTxCpltCallback  stm32f4xx_hal_i2c.o
    0x08000eba   0x08000eba   0x00000002   PAD
    0x08000ebc   0x08000ebc   0x0000012c   Code   RO          533    i.HAL_I2C_Master_Transmit  stm32f4xx_hal_i2c.o
    0x08000fe8   0x08000fe8   0x00000002   Code   RO          536    i.HAL_I2C_MemRxCpltCallback  stm32f4xx_hal_i2c.o
    0x08000fea   0x08000fea   0x00000002   Code   RO          537    i.HAL_I2C_MemTxCpltCallback  stm32f4xx_hal_i2c.o
    0x08000fec   0x08000fec   0x000001f8   Code   RO          538    i.HAL_I2C_Mem_Read  stm32f4xx_hal_i2c.o
    0x080011e4   0x080011e4   0x00000078   Code   RO          266    i.HAL_I2C_MspInit   i2c.o
    0x0800125c   0x0800125c   0x00000002   Code   RO          546    i.HAL_I2C_SlaveRxCpltCallback  stm32f4xx_hal_i2c.o
    0x0800125e   0x0800125e   0x00000002   Code   RO          547    i.HAL_I2C_SlaveTxCpltCallback  stm32f4xx_hal_i2c.o
    0x08001260   0x08001260   0x00000010   Code   RO         1852    i.HAL_IncTick       stm32f4xx_hal.o
    0x08001270   0x08001270   0x00000034   Code   RO         1853    i.HAL_Init          stm32f4xx_hal.o
    0x080012a4   0x080012a4   0x00000040   Code   RO         1854    i.HAL_InitTick      stm32f4xx_hal.o
    0x080012e4   0x080012e4   0x00000030   Code   RO          485    i.HAL_MspInit       stm32f4xx_hal_msp.o
    0x08001314   0x08001314   0x0000001a   Code   RO         1703    i.HAL_NVIC_EnableIRQ  stm32f4xx_hal_cortex.o
    0x0800132e   0x0800132e   0x00000002   PAD
    0x08001330   0x08001330   0x00000040   Code   RO         1709    i.HAL_NVIC_SetPriority  stm32f4xx_hal_cortex.o
    0x08001370   0x08001370   0x00000024   Code   RO         1710    i.HAL_NVIC_SetPriorityGrouping  stm32f4xx_hal_cortex.o
    0x08001394   0x08001394   0x00000134   Code   RO          960    i.HAL_RCC_ClockConfig  stm32f4xx_hal_rcc.o
    0x080014c8   0x080014c8   0x00000020   Code   RO          967    i.HAL_RCC_GetPCLK1Freq  stm32f4xx_hal_rcc.o
    0x080014e8   0x080014e8   0x00000064   Code   RO          969    i.HAL_RCC_GetSysClockFreq  stm32f4xx_hal_rcc.o
    0x0800154c   0x0800154c   0x0000036c   Code   RO          972    i.HAL_RCC_OscConfig  stm32f4xx_hal_rcc.o
    0x080018b8   0x080018b8   0x000000bc   Code   RO         2102    i.HAL_SPI_Init      stm32f4xx_hal_spi.o
    0x08001974   0x08001974   0x00000068   Code   RO          308    i.HAL_SPI_MspInit   spi.o
    0x080019dc   0x080019dc   0x00000166   Code   RO         2110    i.HAL_SPI_Transmit  stm32f4xx_hal_spi.o
    0x08001b42   0x08001b42   0x00000028   Code   RO         1714    i.HAL_SYSTICK_Config  stm32f4xx_hal_cortex.o
    0x08001b6a   0x08001b6a   0x00000002   PAD
    0x08001b6c   0x08001b6c   0x00000090   Code   RO         3138    i.HAL_TIMEx_MasterConfigSynchronization  stm32f4xx_hal_tim_ex.o
    0x08001bfc   0x08001bfc   0x0000005a   Code   RO         2415    i.HAL_TIM_Base_Init  stm32f4xx_hal_tim.o
    0x08001c56   0x08001c56   0x00000002   PAD
    0x08001c58   0x08001c58   0x00000040   Code   RO          350    i.HAL_TIM_Base_MspInit  tim.o
    0x08001c98   0x08001c98   0x000000dc   Code   RO         2424    i.HAL_TIM_ConfigClockSource  stm32f4xx_hal_tim.o
    0x08001d74   0x08001d74   0x00000050   Code   RO          351    i.HAL_TIM_MspPostInit  tim.o
    0x08001dc4   0x08001dc4   0x000000cc   Code   RO         2487    i.HAL_TIM_PWM_ConfigChannel  stm32f4xx_hal_tim.o
    0x08001e90   0x08001e90   0x0000005a   Code   RO         2490    i.HAL_TIM_PWM_Init  stm32f4xx_hal_tim.o
    0x08001eea   0x08001eea   0x00000002   Code   RO         2492    i.HAL_TIM_PWM_MspInit  stm32f4xx_hal_tim.o
    0x08001eec   0x08001eec   0x000000c8   Code   RO         2495    i.HAL_TIM_PWM_Start  stm32f4xx_hal_tim.o
    0x08001fb4   0x08001fb4   0x00000002   Code   RO          405    i.HardFault_Handler  stm32f4xx_it.o
    0x08001fb6   0x08001fb6   0x00000002   PAD
    0x08001fb8   0x08001fb8   0x0000000c   Code   RO          406    i.I2C2_EV_IRQHandler  stm32f4xx_it.o
    0x08001fc4   0x08001fc4   0x000000bc   Code   RO          558    i.I2C_DMAAbort      stm32f4xx_hal_i2c.o
    0x08002080   0x08002080   0x00000158   Code   RO          561    i.I2C_ITError       stm32f4xx_hal_i2c.o
    0x080021d8   0x080021d8   0x0000002e   Code   RO          562    i.I2C_IsAcknowledgeFailed  stm32f4xx_hal_i2c.o
    0x08002206   0x08002206   0x000000d2   Code   RO          563    i.I2C_MasterReceive_BTF  stm32f4xx_hal_i2c.o
    0x080022d8   0x080022d8   0x000000e8   Code   RO          564    i.I2C_MasterReceive_RXNE  stm32f4xx_hal_i2c.o
    0x080023c0   0x080023c0   0x0000009c   Code   RO          566    i.I2C_MasterRequestWrite  stm32f4xx_hal_i2c.o
    0x0800245c   0x0800245c   0x00000082   Code   RO          567    i.I2C_MasterTransmit_BTF  stm32f4xx_hal_i2c.o
    0x080024de   0x080024de   0x00000002   PAD
    0x080024e0   0x080024e0   0x000000b6   Code   RO          568    i.I2C_MasterTransmit_TXE  stm32f4xx_hal_i2c.o
    0x08002596   0x08002596   0x00000002   PAD
    0x08002598   0x08002598   0x00000118   Code   RO          569    i.I2C_Master_ADDR   stm32f4xx_hal_i2c.o
    0x080026b0   0x080026b0   0x0000008c   Code   RO          570    i.I2C_Master_SB     stm32f4xx_hal_i2c.o
    0x0800273c   0x0800273c   0x000000a0   Code   RO          571    i.I2C_MemoryTransmit_TXE_BTF  stm32f4xx_hal_i2c.o
    0x080027dc   0x080027dc   0x000000fc   Code   RO          572    i.I2C_RequestMemoryRead  stm32f4xx_hal_i2c.o
    0x080028d8   0x080028d8   0x00000046   Code   RO          574    i.I2C_Slave_ADDR    stm32f4xx_hal_i2c.o
    0x0800291e   0x0800291e   0x00000002   PAD
    0x08002920   0x08002920   0x0000015c   Code   RO          576    i.I2C_Slave_STOPF   stm32f4xx_hal_i2c.o
    0x08002a7c   0x08002a7c   0x0000004c   Code   RO          577    i.I2C_WaitOnBTFFlagUntilTimeout  stm32f4xx_hal_i2c.o
    0x08002ac8   0x08002ac8   0x00000068   Code   RO          578    i.I2C_WaitOnFlagUntilTimeout  stm32f4xx_hal_i2c.o
    0x08002b30   0x08002b30   0x00000096   Code   RO          579    i.I2C_WaitOnMasterAddressFlagUntilTimeout  stm32f4xx_hal_i2c.o
    0x08002bc6   0x08002bc6   0x00000066   Code   RO          580    i.I2C_WaitOnRXNEFlagUntilTimeout  stm32f4xx_hal_i2c.o
    0x08002c2c   0x08002c2c   0x0000004c   Code   RO          581    i.I2C_WaitOnTXEFlagUntilTimeout  stm32f4xx_hal_i2c.o
    0x08002c78   0x08002c78   0x00000018   Code   RO         3652    i.Key_GetState      key.o
    0x08002c90   0x08002c90   0x00000104   Code   RO         3676    i.Key_Proc          key_app.o
    0x08002d94   0x08002d94   0x0000000e   Code   RO         3702    i.MAX30102_DataReady  max30102.o
    0x08002da2   0x08002da2   0x0000005a   Code   RO         3703    i.MAX30102_Init     max30102.o
    0x08002dfc   0x08002dfc   0x00000044   Code   RO         3748    i.MAX30102_Proc     max30102_app.o
    0x08002e40   0x08002e40   0x00000064   Code   RO         3704    i.MAX30102_ReadFIFO  max30102.o
    0x08002ea4   0x08002ea4   0x00000044   Code   RO         3779    i.MLX90614_GetTemp  mlx90614.o
    0x08002ee8   0x08002ee8   0x00000024   Code   RO         3780    i.MLX90614_Init     mlx90614.o
    0x08002f0c   0x08002f0c   0x00000034   Code   RO         3809    i.MLX90614_Proc     mlx90614_app.o
    0x08002f40   0x08002f40   0x000000cc   Code   RO          241    i.MX_GPIO_Init      gpio.o
    0x0800300c   0x0800300c   0x00000040   Code   RO          267    i.MX_I2C2_Init      i2c.o
    0x0800304c   0x0800304c   0x00000044   Code   RO          309    i.MX_SPI1_Init      spi.o
    0x08003090   0x08003090   0x000000a0   Code   RO          352    i.MX_TIM3_Init      tim.o
    0x08003130   0x08003130   0x00000044   Code   RO          353    i.MX_TIM6_Init      tim.o
    0x08003174   0x08003174   0x00000002   Code   RO          407    i.MemManage_Handler  stm32f4xx_it.o
    0x08003176   0x08003176   0x00000002   Code   RO          408    i.NMI_Handler       stm32f4xx_it.o
    0x08003178   0x08003178   0x00000026   Code   RO         3840    i.OLED_Clear        oled.o
    0x0800319e   0x0800319e   0x00000002   PAD
    0x080031a0   0x080031a0   0x000000bc   Code   RO         3841    i.OLED_Init         oled.o
    0x0800325c   0x0800325c   0x0000000e   Code   RO         3842    i.OLED_Pow          oled.o
    0x0800326a   0x0800326a   0x00000002   PAD
    0x0800326c   0x0800326c   0x000001f0   Code   RO         3931    i.OLED_Proc         oled_app.o
    0x0800345c   0x0800345c   0x00000030   Code   RO         3843    i.OLED_SPI_SendByte  oled.o
    0x0800348c   0x0800348c   0x00000022   Code   RO         3844    i.OLED_SetCursor    oled.o
    0x080034ae   0x080034ae   0x00000002   PAD
    0x080034b0   0x080034b0   0x00000068   Code   RO         3846    i.OLED_ShowChar     oled.o
    0x08003518   0x08003518   0x00000042   Code   RO         3848    i.OLED_ShowNum      oled.o
    0x0800355a   0x0800355a   0x00000020   Code   RO         3850    i.OLED_ShowString   oled.o
    0x0800357a   0x0800357a   0x00000002   PAD
    0x0800357c   0x0800357c   0x0000001c   Code   RO         3851    i.OLED_WriteCommand  oled.o
    0x08003598   0x08003598   0x0000001c   Code   RO         3852    i.OLED_WriteData    oled.o
    0x080035b4   0x080035b4   0x00000002   Code   RO          409    i.PendSV_Handler    stm32f4xx_it.o
    0x080035b6   0x080035b6   0x00000002   PAD
    0x080035b8   0x080035b8   0x00000018   Code   RO         4000    i.SG90_Init         sg90.o
    0x080035d0   0x080035d0   0x00000070   Code   RO         4030    i.SG90_Proc         sg90_app.o
    0x08003640   0x08003640   0x00000028   Code   RO         4001    i.SG90_SetAngle     sg90.o
    0x08003668   0x08003668   0x00000058   Code   RO         2140    i.SPI_EndRxTxTransaction  stm32f4xx_hal_spi.o
    0x080036c0   0x080036c0   0x000000b8   Code   RO         2145    i.SPI_WaitFlagStateUntilTimeout  stm32f4xx_hal_spi.o
    0x08003778   0x08003778   0x00000002   Code   RO          410    i.SVC_Handler       stm32f4xx_it.o
    0x0800377a   0x0800377a   0x00000004   Code   RO          411    i.SysTick_Handler   stm32f4xx_it.o
    0x0800377e   0x0800377e   0x00000002   PAD
    0x08003780   0x08003780   0x0000007c   Code   RO           14    i.SystemClock_Config  main.o
    0x080037fc   0x080037fc   0x00000010   Code   RO         3387    i.SystemInit        system_stm32f4xx.o
    0x0800380c   0x0800380c   0x000000c8   Code   RO         2508    i.TIM_Base_SetConfig  stm32f4xx_hal_tim.o
    0x080038d4   0x080038d4   0x0000001a   Code   RO         2509    i.TIM_CCxChannelCmd  stm32f4xx_hal_tim.o
    0x080038ee   0x080038ee   0x00000014   Code   RO         2519    i.TIM_ETR_SetConfig  stm32f4xx_hal_tim.o
    0x08003902   0x08003902   0x00000010   Code   RO         2520    i.TIM_ITRx_SetConfig  stm32f4xx_hal_tim.o
    0x08003912   0x08003912   0x00000002   PAD
    0x08003914   0x08003914   0x00000060   Code   RO         2521    i.TIM_OC1_SetConfig  stm32f4xx_hal_tim.o
    0x08003974   0x08003974   0x0000006c   Code   RO         2522    i.TIM_OC2_SetConfig  stm32f4xx_hal_tim.o
    0x080039e0   0x080039e0   0x00000068   Code   RO         2523    i.TIM_OC3_SetConfig  stm32f4xx_hal_tim.o
    0x08003a48   0x08003a48   0x00000050   Code   RO         2524    i.TIM_OC4_SetConfig  stm32f4xx_hal_tim.o
    0x08003a98   0x08003a98   0x00000022   Code   RO         2526    i.TIM_TI1_ConfigInputStage  stm32f4xx_hal_tim.o
    0x08003aba   0x08003aba   0x00000024   Code   RO         2528    i.TIM_TI2_ConfigInputStage  stm32f4xx_hal_tim.o
    0x08003ade   0x08003ade   0x00000002   Code   RO          412    i.UsageFault_Handler  stm32f4xx_it.o
    0x08003ae0   0x08003ae0   0x00000020   Code   RO         1716    i.__NVIC_SetPriority  stm32f4xx_hal_cortex.o
    0x08003b00   0x08003b00   0x00000010   Code   RO         3566    i.delay_us          ds1302.o
    0x08003b10   0x08003b10   0x0000007c   Code   RO         3567    i.ds1302_read_reg   ds1302.o
    0x08003b8c   0x08003b8c   0x00000060   Code   RO         3568    i.ds1302_write_byte  ds1302.o
    0x08003bec   0x08003bec   0x00000030   Code   RO         3569    i.ds1302_write_reg  ds1302.o
    0x08003c1c   0x08003c1c   0x00000060   Code   RO           15    i.main              main.o
    0x08003c7c   0x08003c7c   0x0000002c   Code   RO         3705    i.max_read_reg      max30102.o
    0x08003ca8   0x08003ca8   0x00000024   Code   RO         3706    i.max_write_reg     max30102.o
    0x08003ccc   0x08003ccc   0x0000000c   Code   RO         3967    i.scheduler_init    scheduler.o
    0x08003cd8   0x08003cd8   0x00000040   Code   RO         3968    i.scheduler_run     scheduler.o
    0x08003d18   0x08003d18   0x0000000a   Code   RO         4181    x$fpl$fpinit        fz_wm.l(fpinit.o)
    0x08003d22   0x08003d22   0x00000010   Data   RO         3388    .constdata          system_stm32f4xx.o
    0x08003d32   0x08003d32   0x00000008   Data   RO         3389    .constdata          system_stm32f4xx.o
    0x08003d3a   0x08003d3a   0x00000002   PAD
    0x08003d3c   0x08003d3c   0x00000028   Data   RO         3570    .constdata          ds1302.o
    0x08003d64   0x08003d64   0x000005f0   Data   RO         3952    .constdata          oled_font.o
    0x08004354   0x08004354   0x00000020   Data   RO         4239    Region$$Table       anon$$obj.o


    Execution Region RW_IRAM1 (Exec base: 0x20000000, Load base: 0x08004374, Size: 0x00000860, Max: 0x0001c000, ABSOLUTE)

    Exec Addr    Load Addr    Size         Type   Attr      Idx    E Section Name        Object

    0x20000000   0x08004374   0x0000000c   Data   RW         1860    .data               stm32f4xx_hal.o
    0x2000000c   0x08004380   0x00000004   Data   RW         3390    .data               system_stm32f4xx.o
    0x20000010   0x08004384   0x00000001   Data   RW         3485    .data               beeper_app.o
    0x20000011   0x08004385   0x00000003   PAD
    0x20000014   0x08004388   0x00000010   Data   RW         3622    .data               ds1302_app.o
    0x20000024   0x08004398   0x0000000a   Data   RW         3677    .data               key_app.o
    0x2000002e   0x080043a2   0x00000002   PAD
    0x20000030   0x080043a4   0x0000000c   Data   RW         3749    .data               max30102_app.o
    0x2000003c   0x080043b0   0x0000000c   Data   RW         3810    .data               mlx90614_app.o
    0x20000048   0x080043bc   0x00000058   Data   RW         3969    .data               scheduler.o
    0x200000a0   0x08004414   0x0000000c   Data   RW         4032    .data               sg90_app.o
    0x200000ac        -       0x00000054   Zero   RW          268    .bss                i2c.o
    0x20000100        -       0x00000058   Zero   RW          310    .bss                spi.o
    0x20000158        -       0x00000090   Zero   RW          354    .bss                tim.o
    0x200001e8        -       0x0000000c   Zero   RW         3621    .bss                ds1302_app.o
    0x200001f4        -       0x0000000c   Zero   RW         4031    .bss                sg90_app.o
    0x20000200        -       0x00000060   Zero   RW         4111    .bss                c_w.l(libspace.o)
    0x20000260        -       0x00000200   Zero   RW            2    HEAP                startup_stm32f407xx.o
    0x20000460        -       0x00000400   Zero   RW            1    STACK               startup_stm32f407xx.o


    Execution Region RW_IRAM2 (Exec base: 0x2001c000, Load base: 0x08004420, Size: 0x00000000, Max: 0x00004000, ABSOLUTE)

    **** No section assigned to this execution region ****


==============================================================================

Image component sizes


      Code (inc. data)   RO Data    RW Data    ZI Data      Debug   Object Name

        48         16          0          0          0       1407   beeper.o
        20          6          0          1          0        749   beeper_app.o
        88          0          0          0          0       2093   delay.o
       668         28         40          0          0       5160   ds1302.o
       128         18          0         16         12       1379   ds1302_app.o
       204         18          0          0          0       1083   gpio.o
       184         28          0          0         84       1797   i2c.o
        24          6          0          0          0        519   key.o
       260          8          0         10          0       1499   key_app.o
       224         14          0          0          0     699328   main.o
       284         18          0          0          0       3285   max30102.o
        68         10          0         12          0        865   max30102_app.o
       104         20          0          0          0       1575   mlx90614.o
        52          8          0         12          0        847   mlx90614_app.o
       580         28          0          0          0       6459   oled.o
       496         72          0          0          0        728   oled_app.o
         0          0       1520          0          0        557   oled_font.o
        76         12          0         88          0       1796   scheduler.o
        64         10          0          0          0       1356   sg90.o
       112         10          0         12         12       1016   sg90_app.o
       172         20          0          0         88       1801   spi.o
        64         26        392          0       1536        872   startup_stm32f407xx.o
       180         28          0         12          0       9633   stm32f4xx_hal.o
       198         14          0          0          0      34115   stm32f4xx_hal_cortex.o
        42          0          0          0          0       1886   stm32f4xx_hal_dma.o
       516         46          0          0          0       2963   stm32f4xx_hal_gpio.o
      5386         94          0          0          0      32866   stm32f4xx_hal_i2c.o
        48          6          0          0          0        910   stm32f4xx_hal_msp.o
      1316         64          0          0          0       4785   stm32f4xx_hal_rcc.o
       818         12          0          0          0       4754   stm32f4xx_hal_spi.o
      1526        108          0          0          0      13476   stm32f4xx_hal_tim.o
       144         28          0          0          0       1400   stm32f4xx_hal_tim_ex.o
        32          6          0          0          0       4915   stm32f4xx_it.o
        16          4         24          4          0       1211   system_stm32f4xx.o
       372         40          0          0        144       3161   tim.o

    ----------------------------------------------------------------------
     14548        826       2010        172       1876     852246   Object Totals
         0          0         32          0          0          0   (incl. Generated)
        34          0          2          5          0          0   (incl. Padding)

    ----------------------------------------------------------------------

      Code (inc. data)   RO Data    RW Data    ZI Data      Debug   Library Member Name

         8          0          0          0          0         68   __main.o
         0          0          0          0          0          0   __rtentry.o
        12          0          0          0          0          0   __rtentry2.o
         6          0          0          0          0          0   __rtentry4.o
        52          8          0          0          0          0   __scatter.o
        26          0          0          0          0          0   __scatter_copy.o
        28          0          0          0          0          0   __scatter_zi.o
        18          0          0          0          0         80   exit.o
         6          0          0          0          0        152   heapauxi.o
         0          0          0          0          0          0   indicate_semi.o
         2          0          0          0          0          0   libinit.o
         6          0          0          0          0          0   libinit2.o
         2          0          0          0          0          0   libshutdown.o
         2          0          0          0          0          0   libshutdown2.o
         8          4          0          0         96         68   libspace.o
       238          0          0          0          0        100   lludivv7m.o
        78          0          0          0          0         80   rt_memclr_w.o
       100          0          0          0          0         80   rt_memcpy_w.o
         2          0          0          0          0          0   rtexit.o
        10          0          0          0          0          0   rtexit2.o
        12          4          0          0          0         68   sys_exit.o
        74          0          0          0          0         80   sys_stackheap_outer.o
         2          0          0          0          0         68   use_no_semi.o
        10          0          0          0          0        116   fpinit.o

    ----------------------------------------------------------------------
       710         16          0          0         96        960   Library Totals
         8          0          0          0          0          0   (incl. Padding)

    ----------------------------------------------------------------------

      Code (inc. data)   RO Data    RW Data    ZI Data      Debug   Library Name

       692         16          0          0         96        844   c_w.l
        10          0          0          0          0        116   fz_wm.l

    ----------------------------------------------------------------------
       710         16          0          0         96        960   Library Totals

    ----------------------------------------------------------------------

==============================================================================


      Code (inc. data)   RO Data    RW Data    ZI Data      Debug   

     15258        842       2010        172       1972     839694   Grand Totals
     15258        842       2010        172       1972     839694   ELF Image Totals
     15258        842       2010        172          0          0   ROM Totals

==============================================================================

    Total RO  Size (Code + RO Data)                17268 (  16.86kB)
    Total RW  Size (RW Data + ZI Data)              2144 (   2.09kB)
    Total ROM Size (Code + RO Data + RW Data)      17440 (  17.03kB)

==============================================================================

